--------- beginning of main
03-25 17:58:40.692 I/ContactLocale( 2772): AddressBook Labels [en-US]: [, A, B, C, D, E, F, G, H, I, J, K, L, M, N, O, P, Q, R, S, T, U, V, W, X, Y, Z, Α, Β, Γ, Δ, Ε, Ζ, Η, Θ, Ι, Κ, Λ, Μ, Ν, Ξ, Ο, Π, Ρ, Σ, Τ, Υ, Φ, Χ, Ψ, Ω, , А, Б, В, Г, Д, Ђ, Е, Є, Ж, З, И, І, Й, Ј, К, Л, Љ, М, Н, Њ, О, П, Р, С, Т, Ћ, У, Ф, Х, Ц, Ч, Џ, Ш, Щ, Ю, Я, , א, ב, ג, ד, ה, ו, ז, ח, ט, י, כ, ל, מ, נ, ס, ע, פ, צ, ק, ר, ש, ת, , ا, ب, ت, ث, ج, ح, خ, د, ذ, ر, ز, س, ش, ص, ض, ط, ظ, ع, غ, ف, ق, ك, ل, م, ن, ه, و, ي, , ก, ข, ฃ, ค, ฅ, ฆ, ง, จ, ฉ, ช, ซ, ฌ, ญ, ฎ, ฏ, ฐ, ฑ, ฒ, ณ, ด, ต, ถ, ท, ธ, น, บ, ป, ผ, ฝ, พ, ฟ, ภ, ม, ย, ร, ฤ, ล, ฦ, ว, ศ, ษ, ส, ห, ฬ, อ, ฮ, , ㄱ, ㄴ, ㄷ, ㄹ, ㅁ, ㅂ, ㅅ, ㅇ, ㅈ, ㅊ, ㅋ, ㅌ, ㅍ, ㅎ, , あ, か, さ, た, な, は, ま, や, ら, わ, #, ]
03-25 17:58:40.692 I/a       ( 2757): set none fix orientation
03-25 17:58:40.719 D/LogcatRecorder( 2757): Record logs: /storage/emulated/0/Android/data/swpc.wistron.com.wiwall.tv/files/logs/0325_175840.txt
03-25 17:58:40.737 D/c       ( 2757): Add Logcat Whitelist
03-25 17:58:40.737 D/c       ( 2757): Generate Command: logcat -P '2757'
03-25 17:58:40.749 W/System  ( 2800): ClassLoader referenced unknown path: /system/priv-app/MusicFX/lib/arm64
03-25 17:58:40.751 D/a       ( 2757): Free space is 7567093760 bytes
03-25 17:58:40.758 D/a       ( 2757): Free space is 7567093760 bytes
03-25 17:58:40.760 D/a       ( 2757): Next sync content count is 0
03-25 17:58:40.760 W/art     ( 2757): Before Android 4.1, method android.graphics.PorterDuffColorFilter android.support.graphics.drawable.VectorDrawableCompat.updateTintFilter(android.graphics.PorterDuffColorFilter, android.content.res.ColorStateList, android.graphics.PorterDuff$Mode) would have incorrectly overridden the package-private method in android.graphics.drawable.Drawable
03-25 17:58:40.760 D/c       ( 2757): Dir Already Exist
03-25 17:58:40.764 I/a       ( 2757): persist.wicanvas.orientation = 0
03-25 17:58:40.767 D/LifecycleHandler( 2757): onActivityCreated
--------- beginning of system
03-25 17:58:40.776 I/ActivityManager( 1042): Start proc 2823:com.android.gallery3d/u0a44 for broadcast com.android.gallery3d/.app.PackagesMonitor
03-25 17:58:40.779 D/a       ( 2757): onTaskComplete activeSyncCount = 1
03-25 17:58:40.779 I/ActivityManager( 1042): Killing 2252:com.android.onetimeinitializer/u0a12 (adj 15): empty #17
03-25 17:58:40.872 I/MSM-irqbalance(  581): Decided to move IRQ304 from CPU3 to CPU1
03-25 17:58:40.929 W/ContextImpl( 2757): Calling a method in the system process without a qualified user: android.app.ContextImpl.startService:1221 android.content.ContextWrapper.startService:581 swpc.wistron.com.wiwall.tv.activity.MainActivity.onCreate:92 android.app.Activity.performCreate:6290 android.app.Instrumentation.callActivityOnCreate:1108 
03-25 17:58:40.933 D/LogcatRecorder( 2757): get Record count exception: java.io.FileNotFoundException: /storage/emulated/0/Android/data/swpc.wistron.com.wiwall.tv/files/record_crash/timestamp_device.txt: open failed: ENOENT (No such file or directory)
03-25 17:58:40.933 D/LogcatRecorder( 2757): java.io.FileNotFoundException: /storage/emulated/0/Android/data/swpc.wistron.com.wiwall.tv/files/record_crash/timestamp_device.txt: open failed: ENOENT (No such file or directory)
03-25 17:58:40.933 D/LogcatRecorder( 2757): 	at libcore.io.IoBridge.open(IoBridge.java:452)
03-25 17:58:40.933 D/LogcatRecorder( 2757): 	at java.io.FileInputStream.<init>(FileInputStream.java:76)
03-25 17:58:40.933 D/LogcatRecorder( 2757): 	at swpc.wistron.com.wiwall.tv.general.f.b(SourceFile:286)
03-25 17:58:40.933 D/LogcatRecorder( 2757): 	at swpc.wistron.com.wiwall.tv.activity.MainActivity.onCreate(SourceFile:96)
03-25 17:58:40.933 D/LogcatRecorder( 2757): 	at android.app.Activity.performCreate(Activity.java:6290)
03-25 17:58:40.933 D/LogcatRecorder( 2757): 	at android.app.Instrumentation.callActivityOnCreate(Instrumentation.java:1108)
03-25 17:58:40.933 D/LogcatRecorder( 2757): 	at android.app.ActivityThread.performLaunchActivity(ActivityThread.java:2369)
03-25 17:58:40.933 D/LogcatRecorder( 2757): 	at android.app.ActivityThread.handleLaunchActivity(ActivityThread.java:2476)
03-25 17:58:40.933 D/LogcatRecorder( 2757): 	at android.app.ActivityThread.access$900(ActivityThread.java:150)
03-25 17:58:40.933 D/LogcatRecorder( 2757): 	at android.app.ActivityThread$H.handleMessage(ActivityThread.java:1344)
03-25 17:58:40.933 D/LogcatRecorder( 2757): 	at android.os.Handler.dispatchMessage(Handler.java:102)
03-25 17:58:40.933 D/LogcatRecorder( 2757): 	at android.os.Looper.loop(Looper.java:148)
03-25 17:58:40.933 D/LogcatRecorder( 2757): 	at android.app.ActivityThread.main(ActivityThread.java:5417)
03-25 17:58:40.933 D/LogcatRecorder( 2757): 	at java.lang.reflect.Method.invoke(Native Method)
03-25 17:58:40.933 D/LogcatRecorder( 2757): 	at com.android.internal.os.ZygoteInit$MethodAndArgsCaller.run(ZygoteInit.java:726)
03-25 17:58:40.933 D/LogcatRecorder( 2757): 	at com.android.internal.os.ZygoteInit.main(ZygoteInit.java:616)
03-25 17:58:40.933 D/LogcatRecorder( 2757): Caused by: android.system.ErrnoException: open failed: ENOENT (No such file or directory)
03-25 17:58:40.933 D/LogcatRecorder( 2757): 	at libcore.io.Posix.open(Native Method)
03-25 17:58:40.933 D/LogcatRecorder( 2757): 	at libcore.io.BlockGuardOs.open(BlockGuardOs.java:186)
03-25 17:58:40.933 D/LogcatRecorder( 2757): 	at libcore.io.IoBridge.open(IoBridge.java:438)
03-25 17:58:40.933 D/LogcatRecorder( 2757): 	... 15 more
03-25 17:58:40.934 D/LifecycleHandler( 2757): onActivityStarted
03-25 17:58:40.950 W/art     ( 2823): Suspending all threads took: 13.638ms
03-25 17:58:41.056 I/ActivityManager( 1042): Start proc 2840:com.android.keychain/1000 for broadcast com.android.keychain/.KeyChainBroadcastReceiver
03-25 17:58:41.063 I/ActivityManager( 1042): Killing 1916:com.android.settings/1000 (adj 15): empty #17
03-25 17:58:41.150 W/System  ( 2840): ClassLoader referenced unknown path: /system/app/KeyChain/lib/arm64
03-25 17:58:41.153 W/ContextImpl( 2840): Calling a method in the system process without a qualified user: android.app.ContextImpl.startService:1221 android.content.ContextWrapper.startService:581 android.content.ContextWrapper.startService:581 com.android.keychain.KeyChainBroadcastReceiver.onReceive:12 android.app.ActivityThread.handleReceiver:2725 
03-25 17:58:41.173 I/ActivityManager( 1042): START u0 {flg=0x10800000 cmp=com.estrongs.android.pop/.app.InstallMonitorActivity (has extras)} from uid 10042 on display 0
03-25 17:58:41.218 D/LifecycleHandler( 2757): onActivityResumed
03-25 17:58:41.218 D/LifecycleHandler( 2757): application is in foreground: true
03-25 17:58:41.222 I/ActivityManager( 1042): Start proc 2857:com.svox.pico/u0a61 for broadcast com.svox.pico/.VoiceDataInstallerReceiver
03-25 17:58:41.225 I/ActivityManager( 1042): Killing 2394:com.android.exchange/u0a40 (adj 15): empty #17
03-25 17:58:41.229 D/OpenGLRenderer( 2757): Use EGL_SWAP_BEHAVIOR_PRESERVED: true
03-25 17:58:41.241 D/wpa_supplicant( 1600): wlan0: Control interface command 'SIGNAL_POLL'
03-25 17:58:41.244 D/wpa_supplicant( 1600): CTRL-DEBUG: global_ctrl_sock-sendto: sock=11 sndbuf=212992 outq=0 send_len=49
03-25 17:58:41.254 I/a       ( 2757): onSensorChanged, X = -0.0867157, Y = -9.417526
03-25 17:58:41.254 I/a       ( 2757): mSensorStatus = 3
03-25 17:58:41.255 I/o       ( 2757): onStatusChecked
03-25 17:58:41.256 E/b       ( 2757): type=1
03-25 17:58:41.257 E/b       ( 2757): set default image
03-25 17:58:41.283 W/FlurryAgent( 2557): Flurry session started for context:com.estrongs.android.pop.app.InstallMonitorActivity@64a8435
03-25 17:58:41.283 W/FlurryAgent( 2557): Flurry session resumed for context:com.estrongs.android.pop.app.InstallMonitorActivity@64a8435
03-25 17:58:41.317 I/WebViewFactory( 2557): Loading com.android.webview version 44.0.2403.119 (code 246011950)
03-25 17:58:41.348 D/BluetoothManagerService( 1042): Message: 20
03-25 17:58:41.348 D/BluetoothManagerService( 1042): Added callback: android.bluetooth.IBluetoothManagerCallback$Stub$Proxy@e980b01:true
03-25 17:58:41.348 D/BluetoothManagerService( 1042): checkIfCallerIsForegroundUser: valid=true callingUser=0 parentUser=-10000 foregroundUser=0
03-25 17:58:41.356 W/System  ( 2557): ClassLoader referenced unknown path: /system/app/webview/lib/arm64
03-25 17:58:41.432 D/MainService( 2757): onCreate
03-25 17:58:41.432 W/ContextImpl( 2757): Calling a method in the system process without a qualified user: android.app.ContextImpl.startActivity:658 android.content.ContextWrapper.startActivity:331 swpc.wistron.com.wiwall.tv.MainService.onCreate:178 android.app.ActivityThread.handleCreateService:2877 android.app.ActivityThread.access$1900:150 
03-25 17:58:41.432 W/ContextImpl( 2757): Calling a method in the system process without a qualified user: android.app.ContextImpl.startActivity:670 android.app.ContextImpl.startActivity:659 android.content.ContextWrapper.startActivity:331 swpc.wistron.com.wiwall.tv.MainService.onCreate:178 android.app.ActivityThread.handleCreateService:2877 
03-25 17:58:41.433 I/ActivityManager( 1042): START u0 {act=acion.start.mainactivity.from.mainservice flg=0x10000000 cmp=swpc.wistron.com.wiwall.tv/.activity.MainActivity} from uid 1000 on display 0
03-25 17:58:41.441 I/LibraryLoader( 2557): Time to load native libraries: 43 ms (timestamps 8568-8611)
03-25 17:58:41.442 I/LibraryLoader( 2557): Expected native library version number "",actual native library version number ""
03-25 17:58:41.444 D/WifiService( 1042): New client listening to asynchronous messages
03-25 17:58:41.453 D/BluetoothManagerService( 1042): Message: 20
03-25 17:58:41.453 D/BluetoothManagerService( 1042): Added callback: android.bluetooth.IBluetoothManagerCallback$Stub$Proxy@3b24b7e:true
03-25 17:58:41.456 D/BluetoothManagerService( 1042): Message: 30
03-25 17:58:41.457 V/WebViewChromiumFactoryProvider( 2557): Binding Chromium to main looper Looper (main, tid 1) {d8b529c}
03-25 17:58:41.457 I/LibraryLoader( 2557): Expected native library version number "",actual native library version number ""
03-25 17:58:41.462 I/chromium( 2557): [INFO:library_loader_hooks.cc(120)] Chromium logging enabled: level = 0, default verbosity = 0
03-25 17:58:41.463 I/b       ( 2757): server not start yet
03-25 17:58:41.463 D/MainService( 2757): onStartCommand
03-25 17:58:41.464 W/ContextImpl( 2757): Calling a method in the system process without a qualified user: android.app.ContextImpl.bindService:1285 android.content.ContextWrapper.bindService:604 swpc.wistron.com.wiwall.tv.MainService.f:263 swpc.wistron.com.wiwall.tv.MainService.onStartCommand:210 android.app.ActivityThread.handleServiceArgs:3010 
03-25 17:58:41.466 W/ContextImpl( 2757): Calling a method in the system process without a qualified user: android.app.ContextImpl.bindService:1285 android.content.ContextWrapper.bindService:604 swpc.wistron.com.wiwall.tv.MainService.f:268 swpc.wistron.com.wiwall.tv.MainService.onStartCommand:210 android.app.ActivityThread.handleServiceArgs:3010 
03-25 17:58:41.467 I/BrowserStartupController( 2557): Initializing chromium process, singleProcess=true
03-25 17:58:41.472 D/LifecycleHandler( 2757): onActivityPaused
03-25 17:58:41.472 D/LifecycleHandler( 2757): application is in foreground: false
03-25 17:58:41.474 I/WindowManager( 1042): Screen frozen for +958ms due to AppWindowToken{e464836 token=Token{581b5d1 ActivityRecord{c943cf8 u0 swpc.wistron.com.wiwall.tv/.activity.MainActivity t123}}}
03-25 17:58:41.474 I/j       ( 2757): wifi is connecting
03-25 17:58:41.478 E/SysUtils( 2557): ApplicationContext is null in ApplicationStatus
03-25 17:58:41.487 I/ActivityManager( 1042): Killing 2445:com.qualcomm.qct.dlt/u0a55 (adj 15): empty #17
03-25 17:58:41.489 I/Adreno  ( 2757): QUALCOMM build                   : 0d96e1a, I741a3d36ca
03-25 17:58:41.489 I/Adreno  ( 2757): Build Date                       : 04/20/16
03-25 17:58:41.489 I/Adreno  ( 2757): OpenGL ES Shader Compiler Version: XE031.06.00.02
03-25 17:58:41.489 I/Adreno  ( 2757): Local Branch                     : 
03-25 17:58:41.489 I/Adreno  ( 2757): Remote Branch                    : quic/LA.BF64.1.2.2_rb4.34
03-25 17:58:41.489 I/Adreno  ( 2757): Remote Branch                    : NONE
03-25 17:58:41.489 I/Adreno  ( 2757): Reconstruct Branch               : NOTHING
03-25 17:58:41.495 I/OpenGLRenderer( 2757): Initialized EGL, version 1.4
03-25 17:58:41.511 D/LocalIoTService( 2757): receive boot broadcast
03-25 17:58:41.512 W/ContextImpl( 2757): Calling a method in the system process without a qualified user: android.app.ContextImpl.startService:1221 android.content.ContextWrapper.startService:581 android.content.ContextWrapper.startService:581 swpc.wistron.com.wiwall.tv.receiver.PackageReplacedReceiver.onReceive:27 android.app.ActivityThread.handleReceiver:2725 
03-25 17:58:41.529 E/MainService( 2757): isConnected =true
03-25 17:58:41.531 D/BluetoothA2dp( 2757): Proxy object connected
03-25 17:58:41.536 D/AlarmService( 2757): AlarmService onCreate
03-25 17:58:41.539 I/g       ( 2757): status =14Message: caller =MainService
03-25 17:58:41.539 I/g       ( 2757): Configuring system
03-25 17:58:41.539 D/MainService( 2757): System time is after 2018/01/01
03-25 17:58:41.540 I/MainService( 2757): create SetTimeFromNTP
03-25 17:58:41.540 D/LifecycleHandler( 2757): onActivityResumed
03-25 17:58:41.540 D/LifecycleHandler( 2757): application is in foreground: true
03-25 17:58:41.540 I/MainService( 2757): SetTimeFromNTP doInBackground
03-25 17:58:41.541 D/h       ( 2757): setAutoTimeOn
03-25 17:58:41.541 W/InputMethodManagerService( 1042): Got RemoteException sending setActive(false) notification to pid 1623 uid 1000
03-25 17:58:41.606 W/chromium( 2557): [WARNING:resource_bundle.cc(285)] locale_file_path.empty()
03-25 17:58:41.613 E/libEGL  ( 2557): validate_display:255 error 3008 (EGL_BAD_DISPLAY)
03-25 17:58:41.613 E/libEGL  ( 2557): validate_display:255 error 3008 (EGL_BAD_DISPLAY)
03-25 17:58:41.613 I/Adreno  ( 2557): QUALCOMM build                   : 0d96e1a, I741a3d36ca
03-25 17:58:41.613 I/Adreno  ( 2557): Build Date                       : 04/20/16
03-25 17:58:41.613 I/Adreno  ( 2557): OpenGL ES Shader Compiler Version: XE031.06.00.02
03-25 17:58:41.613 I/Adreno  ( 2557): Local Branch                     : 
03-25 17:58:41.613 I/Adreno  ( 2557): Remote Branch                    : quic/LA.BF64.1.2.2_rb4.34
03-25 17:58:41.613 I/Adreno  ( 2557): Remote Branch                    : NONE
03-25 17:58:41.613 I/Adreno  ( 2557): Reconstruct Branch               : NOTHING
03-25 17:58:41.697 E/DataReductionProxySettingListener( 2557): No DRP key due to exception:java.lang.ClassNotFoundException: com.android.webview.chromium.Drp
03-25 17:58:41.703 D/MainService( 2757): onStartCommand
03-25 17:58:41.703 W/ContextImpl( 2757): Calling a method in the system process without a qualified user: android.app.ContextImpl.bindService:1285 android.content.ContextWrapper.bindService:604 swpc.wistron.com.wiwall.tv.MainService.f:263 swpc.wistron.com.wiwall.tv.MainService.onStartCommand:210 android.app.ActivityThread.handleServiceArgs:3010 
03-25 17:58:41.704 W/ContextImpl( 2757): Calling a method in the system process without a qualified user: android.app.ContextImpl.bindService:1285 android.content.ContextWrapper.bindService:604 swpc.wistron.com.wiwall.tv.MainService.f:268 swpc.wistron.com.wiwall.tv.MainService.onStartCommand:210 android.app.ActivityThread.handleServiceArgs:3010 
03-25 17:58:41.705 E/FlurryAgent( 2557): GOOGLE PLAY SERVICES EXCEPTION: com.google.android.gms.common.GooglePlayServicesUtil
03-25 17:58:41.705 E/FlurryAgent( 2557): There is a problem with the Google Play Services library, which is required for Android Advertising ID support. The Google Play Services library should be integrated in any app shipping in the Play Store that uses analytics or advertising.
03-25 17:58:41.707 D/MainService( 2757): onIotServiceConnected
03-25 17:58:41.707 D/MainService( 2757): onAlarmServiceConnected
03-25 17:58:41.710 I/j       ( 2757): wifi is connecting
03-25 17:58:41.720 I/g       ( 2757): status =14Message: caller =MainService
03-25 17:58:41.720 I/g       ( 2757): Configuring system
03-25 17:58:41.720 W/FlurryAgent( 2557): Flurry session paused for context:com.estrongs.android.pop.app.InstallMonitorActivity@64a8435
03-25 17:58:41.720 D/MainService( 2757): System time is after 2018/01/01
03-25 17:58:41.720 I/MainService( 2757): create SetTimeFromNTP
03-25 17:58:42.097 W/FlurryAgent( 2557): Analytics report sent.
03-25 17:58:43.091 D/h       ( 2757): setAutoTimeOff
03-25 17:58:43.112 D/h       ( 2757): auto_time=0
03-25 17:58:43.114 D/h       ( 2757): auto_time_zone=0
03-25 17:58:43.171 D/MainService( 2757): set NTP server time:Mon Mar 25 17:58:43 GMT+08:00 2019
03-25 17:58:43.173 D/AlarmManagerService( 1042): Setting time of day to sec=1553507923
03-25 17:58:43.191 W/AlarmManagerService( 1042): Unable to set rtc to 1553507923: Invalid argument
03-25 17:58:43.193 I/MainService( 2757): SetTimeFromNTP complete
03-25 17:58:43.200 I/MainService( 2757): SetTimeFromNTP doInBackground
03-25 17:58:43.200 D/h       ( 2757): setAutoTimeOn
03-25 17:58:43.210 I/MainService( 2757): Local status = LicenseRegistred
03-25 17:58:43.250 W/Java7Support( 2757): Unable to load JDK7 types (annotations, java.nio.file.Path): no Java7 support added
03-25 17:58:43.285 W/ActivityThread( 2757): ClassLoader.loadClass: The class loader returned by Thread.getContextClassLoader() may fail for processes that host multiple applications. You should explicitly specify a context class loader. For example: Thread.setContextClassLoader(getClass().getClassLoader());
03-25 17:58:43.319 D/MainService( 2757): startSettingNTP
03-25 17:58:43.320 D/HttpRequest( 2757): url : https://apilicenseops.wicanvas.net/app/device/getDevicesStatus
03-25 17:58:43.320 D/HttpRequest( 2757): value : {"mac_addresses":["HZ6Umt3acSvgMkXw4be3HmLytAVurJI\/6ld13GrRt\/I=\n"]}
03-25 17:58:43.323 I/DpmTcmClient( 2757): RegisterTcmMonitor from: com.android.okhttp.TcmIdleTimerMonitor
03-25 17:58:43.500 I/art     ( 1042): Starting a blocking GC Explicit
03-25 17:58:43.575 I/art     ( 1042): Explicit concurrent mark sweep GC freed 22321(2MB) AllocSpace objects, 8(304KB) LOS objects, 33% free, 9MB/13MB, paused 891us total 75.334ms
03-25 17:58:44.281 D/wpa_supplicant( 1600): wlan0: Control interface command 'SIGNAL_POLL'
03-25 17:58:44.291 D/wpa_supplicant( 1600): CTRL-DEBUG: global_ctrl_sock-sendto: sock=11 sndbuf=212992 outq=0 send_len=49
03-25 17:58:44.322 I/g       ( 2757): status =14Message: caller =MainService
03-25 17:58:44.322 I/g       ( 2757): Configuring system
03-25 17:58:44.325 I/g       ( 2757): status =14Message: caller =MainService
03-25 17:58:44.325 I/g       ( 2757): Configuring system
03-25 17:58:44.326 I/MainService( 2757): License check OK
03-25 17:58:44.346 I/MainService( 2757): uploadSystemAndAppLog
03-25 17:58:44.347 D/HttpRequest( 2757): url : https://apiops.wicanvas.net/device/iot/syncMachineLatestVersion
03-25 17:58:44.347 D/HttpRequest( 2757): value : {"mac_address":"1C:C0:E1:40:B5:98","machine_version_id":10}
03-25 17:58:44.355 D/a       ( 2757): doInBackground
03-25 17:58:44.355 D/a       ( 2757): getOldLogcatFiles
03-25 17:58:44.357 D/a       ( 2757): Logcat Path: /storage/emulated/0/Android/data/swpc.wistron.com.wiwall.tv/files/logs
03-25 17:58:44.357 D/LogCollectorAsyncTask( 2757): logFiles file is exist , size = 0
03-25 17:58:44.359 D/HttpRequest( 2757): url : https://apiops.wicanvas.net/app/machine/getSourceIp
03-25 17:58:44.362 D/LogCollectorAsyncTask( 2757): Start uploadAllLogFile
03-25 17:58:44.364 D/LogCollectorAsyncTask( 2757): Size of log which need to be uploaded is 0
03-25 17:58:44.408 I/lsof    ( 2937): type=1400 audit(0.0:526): avc: denied { getattr } for path="/proc/1" dev="proc" ino=11730 scontext=u:r:system_app:s0 tcontext=u:r:init:s0 tclass=dir permissive=1
03-25 17:58:44.408 I/lsof    ( 2937): type=1400 audit(0.0:527): avc: denied { search } for name="1" dev="proc" ino=11730 scontext=u:r:system_app:s0 tcontext=u:r:init:s0 tclass=dir permissive=1
03-25 17:58:44.408 I/lsof    ( 2937): type=1400 audit(0.0:528): avc: denied { read } for name="cmdline" dev="proc" ino=16173 scontext=u:r:system_app:s0 tcontext=u:r:init:s0 tclass=file permissive=1
03-25 17:58:44.408 I/lsof    ( 2937): type=1400 audit(0.0:529): avc: denied { open } for path="/proc/1/cmdline" dev="proc" ino=16173 scontext=u:r:system_app:s0 tcontext=u:r:init:s0 tclass=file permissive=1
03-25 17:58:44.408 I/lsof    ( 2937): type=1400 audit(0.0:530): avc: denied { read } for name="exe" dev="proc" ino=22524 scontext=u:r:system_app:s0 tcontext=u:r:init:s0 tclass=lnk_file permissive=1
03-25 17:58:44.408 I/lsof    ( 2937): type=1400 audit(0.0:531): avc: denied { getattr } for path="/proc/1/maps" dev="proc" ino=22526 scontext=u:r:system_app:s0 tcontext=u:r:init:s0 tclass=file permissive=1
03-25 17:58:44.408 I/lsof    ( 2937): type=1400 audit(0.0:532): avc: denied { getattr } for path="/proc/2" dev="proc" ino=15904 scontext=u:r:system_app:s0 tcontext=u:r:kernel:s0 tclass=dir permissive=1
03-25 17:58:44.408 I/lsof    ( 2937): type=1400 audit(0.0:533): avc: denied { search } for name="2" dev="proc" ino=15904 scontext=u:r:system_app:s0 tcontext=u:r:kernel:s0 tclass=dir permissive=1
03-25 17:58:44.408 I/lsof    ( 2937): type=1400 audit(0.0:534): avc: denied { read } for name="exe" dev="proc" ino=22527 scontext=u:r:system_app:s0 tcontext=u:r:kernel:s0 tclass=lnk_file permissive=1
03-25 17:58:44.438 I/lsof    ( 2937): type=1400 audit(0.0:535): avc: denied { getattr } for path="/proc/308" dev="proc" ino=12328 scontext=u:r:system_app:s0 tcontext=u:r:ueventd:s0 tclass=dir permissive=1
03-25 17:58:44.438 I/lsof    ( 2937): type=1400 audit(0.0:536): avc: denied { getattr } for path="/proc/336" dev="proc" ino=12401 scontext=u:r:system_app:s0 tcontext=u:r:logd:s0 tclass=dir permissive=1
03-25 17:58:44.438 I/lsof    ( 2937): type=1400 audit(0.0:537): avc: denied { search } for name="336" dev="proc" ino=12401 scontext=u:r:system_app:s0 tcontext=u:r:logd:s0 tclass=dir permissive=1
03-25 17:58:44.438 I/lsof    ( 2937): type=1400 audit(0.0:538): avc: denied { read } for name="cmdline" dev="proc" ino=13624 scontext=u:r:system_app:s0 tcontext=u:r:logd:s0 tclass=file permissive=1
03-25 17:58:44.438 I/lsof    ( 2937): type=1400 audit(0.0:539): avc: denied { open } for path="/proc/336/cmdline" dev="proc" ino=13624 scontext=u:r:system_app:s0 tcontext=u:r:logd:s0 tclass=file permissive=1
03-25 17:58:44.438 I/lsof    ( 2937): type=1400 audit(0.0:540): avc: denied { read } for name="exe" dev="proc" ino=28985 scontext=u:r:system_app:s0 tcontext=u:r:logd:s0 tclass=lnk_file permissive=1
03-25 17:58:44.438 I/lsof    ( 2937): type=1400 audit(0.0:541): avc: denied { getattr } for path="/proc/336/maps" dev="proc" ino=28987 scontext=u:r:system_app:s0 tcontext=u:r:logd:s0 tclass=file permissive=1
03-25 17:58:44.438 I/lsof    ( 2937): type=1400 audit(0.0:542): avc: denied { getattr } for path="/proc/342" dev="proc" ino=12418 scontext=u:r:system_app:s0 tcontext=u:r:vold:s0 tclass=dir permissive=1
03-25 17:58:44.438 I/lsof    ( 2937): type=1400 audit(0.0:543): avc: denied { search } for name="342" dev="proc" ino=12418 scontext=u:r:system_app:s0 tcontext=u:r:vold:s0 tclass=dir permissive=1
03-25 17:58:44.438 I/lsof    ( 2937): type=1400 audit(0.0:544): avc: denied { read } for name="cmdline" dev="proc" ino=11746 scontext=u:r:system_app:s0 tcontext=u:r:vold:s0 tclass=file permissive=1
03-25 17:58:44.438 I/lsof    ( 2937): type=1400 audit(0.0:545): avc: denied { open } for path="/proc/342/cmdline" dev="proc" ino=11746 scontext=u:r:system_app:s0 tcontext=u:r:vold:s0 tclass=file permissive=1
03-25 17:58:44.500 D/a       ( 2757): Call CommandHelper to Upload File: /storage/emulated/0/Android/data/swpc.wistron.com.wiwall.tv/files/logs/0325_175757.txt
03-25 17:58:44.500 D/c       ( 2757): uploadLogcat, file: /storage/emulated/0/Android/data/swpc.wistron.com.wiwall.tv/files/logs/0325_175757.txt
03-25 17:58:44.517 D/c       ( 2757): Post API: /device/iot/s3Signature
03-25 17:58:44.517 D/c       ( 2757): JSON: {"mac_address":"1C:C0:E1:40:B5:98","file_name":"0325_175757.txt","method":"PUT","folder_type":"P","file_type":"text\/plain","file_size":567535,"request_type":"S","part_number":"","upload_id":"","md5":"F2B\/2E7mNjbBPZSSlZCkAw=="}
03-25 17:58:44.540 D/HttpRequest( 2757): url : https://apiops.wicanvas.net/device/iot/s3Signature
03-25 17:58:44.540 D/HttpRequest( 2757): value : {"mac_address":"1C:C0:E1:40:B5:98","file_name":"0325_175757.txt","method":"PUT","folder_type":"P","file_type":"text\/plain","file_size":567535,"request_type":"S","part_number":"","upload_id":"","md5":"F2B\/2E7mNjbBPZSSlZCkAw=="}
03-25 17:58:44.648 D/a       ( 2757): File is Opened: /storage/emulated/0/Android/data/swpc.wistron.com.wiwall.tv/files/logs/0325_175840.txt
03-25 17:58:44.653 E/MainService( 2757): getsourceIP:{"sourceIp":"211.21.159.187"}
03-25 17:58:44.653 I/g       ( 2757): status =14Message: caller =MainService
03-25 17:58:44.653 I/g       ( 2757): Configuring system
03-25 17:58:44.657 I/a       ( 2757): start check license alarm
03-25 17:58:44.669 I/swpc.wistron.com.wiwall.tv.db.a( 2757): no reboot schedule
03-25 17:58:44.669 I/c       ( 2757): tv don't have reboot schedule
03-25 17:58:44.690 D/HttpRequest( 2757): url : https://apiops.wicanvas.net/device/iot/registerFromMachine
03-25 17:58:44.690 D/HttpRequest( 2757): value : {"wifi_info":"D20F-1H0D-EMO","brightness_factory":196,"mac_address":"1C:C0:E1:40:B5:98","resolution_w":1920,"resolution_h":1080,"time_zone":"Asia\/Taipei"}
03-25 17:58:44.777 D/h       ( 2757): setAutoTimeOff
03-25 17:58:44.804 D/h       ( 2757): auto_time=0
03-25 17:58:44.806 D/h       ( 2757): auto_time_zone=0
03-25 17:58:44.847 D/MainService( 2757): set NTP server time:Mon Mar 25 17:58:44 GMT+08:00 2019
03-25 17:58:44.849 D/AlarmManagerService( 1042): Setting time of day to sec=1553507924
03-25 17:58:44.848 W/AlarmManagerService( 1042): Unable to set rtc to 1553507924: Invalid argument
03-25 17:58:44.851 I/MainService( 2757): SetTimeFromNTP complete
03-25 17:58:44.919 D/MainService( 2757): syncMachineLatestVersion processFinish
03-25 17:58:45.037 I/g       ( 2757): status =14Message: caller =MainService
03-25 17:58:45.037 I/g       ( 2757): Configuring system
03-25 17:58:45.071 D/MqttController( 2757): Cert/key was not found in keystore - creating new key and certificate.
03-25 17:58:45.074 I/g       ( 2757): status =14Message: caller =MainService
03-25 17:58:45.074 I/g       ( 2757): Configuring system
03-25 17:58:45.075 D/p       ( 2757): startSyncInfo
03-25 17:58:45.102 D/c       ( 2757): Get S3 Url Succeed, Ready to Upload Logcat
03-25 17:58:45.102 D/c       ( 2757): result: {"sign":{"Authorization":"AWS AKIAILP7PHWMY4QUWIWA:OFC1kCfpr6AB/HDJvEoGOZJs5Dw=","Signature":"OFC1kCfpr6AB/HDJvEoGOZJs5Dw=","ContentType":"text/plain","XAmzDate":"Mon, 25 Mar 2019 09:58:45 GMT"},"s3key":"machine-app-logs/9/14/dfdd45117eb559108a8acd9d816ff02d.txt","s3url":"https://s3.ap-northeast-1.amazonaws.com/wiwall-ops-upload/machine-app-logs/9/14/dfdd45117eb559108a8acd9d816ff02d.txt"}
03-25 17:58:45.109 D/f       ( 2757): LogcatUploadAsyncTask Create
03-25 17:58:45.113 D/e       ( 2757): onCreate()
03-25 17:58:45.115 I/g       ( 2757): status =11Message: caller:e
03-25 17:58:45.116 I/g       ( 2757): Time synchronizing
03-25 17:58:45.120 D/e       ( 2757): onCreateView()
03-25 17:58:45.156 D/e       ( 2757): onStart()
03-25 17:58:45.163 D/e       ( 2757): onSurfaceTextureAvailable()
03-25 17:58:45.164 D/e       ( 2757): init()
03-25 17:58:45.166 E/ExtMediaPlayer-JNI( 2757): env->IsInstanceOf fails
03-25 17:58:45.166 E/MediaPlayer-JNI( 2757): JNIMediaPlayerFactory: bIsQCMediaPlayerPresent 0
03-25 17:58:45.166 E/ExtMediaPlayer-JNI( 2757): env->IsInstanceOf fails
03-25 17:58:45.166 E/MediaPlayer-JNI( 2757): JNIMediaPlayerFactory: bIsQCMediaPlayerPresent 0
03-25 17:58:45.175 D/e       ( 2757): demand_textureView onSurfaceTextureAvailable()
03-25 17:58:45.175 D/e       ( 2757): init_demand()
03-25 17:58:45.177 E/ExtMediaPlayer-JNI( 2757): env->IsInstanceOf fails
03-25 17:58:45.177 E/MediaPlayer-JNI( 2757): JNIMediaPlayerFactory: bIsQCMediaPlayerPresent 0
03-25 17:58:45.177 E/ExtMediaPlayer-JNI( 2757): env->IsInstanceOf fails
03-25 17:58:45.177 E/MediaPlayer-JNI( 2757): JNIMediaPlayerFactory: bIsQCMediaPlayerPresent 0
03-25 17:58:45.190 D/MainService( 2757): KeyStore Successful
03-25 17:58:45.212 D/d       ( 2757): -----offset Time:------- 13
03-25 17:58:45.213 D/MqttController( 2757): Certificate wistron found in keystore - using for MQTT.
03-25 17:58:45.322 I/g       ( 2757): status =8Message: caller: setStopStatus()
03-25 17:58:45.322 I/g       ( 2757): Preparing content
03-25 17:58:45.322 I/e       ( 2757): mGetTimeFromNetwork complete
03-25 17:58:45.336 D/IotServiceHandler( 2757): MSG_WHAT_MQTT_CONNECT
03-25 17:58:45.525 I/AWSIotMqttManager( 2757): resetting reconnect attempt and retry time
03-25 17:58:45.525 D/IotService( 2757): statusCallback = Connecting
03-25 17:58:45.541 D/IotServiceHandler( 2757): MSG_WHAT_MQTT_STATUS_CHANGE
03-25 17:58:45.541 I/IotService( 2757): onStatusChanged , mqtt status = Connecting
03-25 17:58:45.665 I/UploadFileTask( 2757): log file upload: 100.0%
03-25 17:58:45.890 I/MSM-irqbalance(  581): Decided to move IRQ48 from CPU3 to CPU1
03-25 17:58:45.970 I/AWSIotMqttManager( 2757): onSuccess: mqtt connection is successful.
03-25 17:58:45.970 D/IotService( 2757): statusCallback = Connected
03-25 17:58:45.971 D/IotServiceHandler( 2757): MSG_WHAT_MQTT_STATUS_CHANGE
03-25 17:58:45.971 I/IotService( 2757): onStatusChanged , mqtt status = Connected
03-25 17:58:45.980 W/ContextImpl( 2757): Calling a method in the system process without a qualified user: android.app.ContextImpl.startService:1221 android.content.ContextWrapper.startService:581 swpc.wistron.com.wiwall.tv.MainService.a:780 swpc.wistron.com.wiwall.tv.receiver.a.onReceive:23 android.support.v4.content.LocalBroadcastManager.executePendingBroadcasts:297 
03-25 17:58:46.008 W/ContextImpl( 2757): Calling a method in the system process without a qualified user: android.app.ContextImpl.startService:1221 android.content.ContextWrapper.startService:581 swpc.wistron.com.wiwall.tv.MainService.a:780 swpc.wistron.com.wiwall.tv.receiver.a.onReceive:23 android.support.v4.content.LocalBroadcastManager.executePendingBroadcasts:297 
03-25 17:58:46.009 D/HttpRequest( 2757): url : https://apiops.wicanvas.net/device/iot/syncMachineStatus
03-25 17:58:46.009 D/HttpRequest( 2757): value : {"mac_address":"1C:C0:E1:40:B5:98"}
03-25 17:58:46.016 I/a       ( 2757): multi call post api (or use postIotMultipleAPI) APIName:/device/iot/syncMachineStatus
03-25 17:58:46.023 D/AlarmService( 2757): INTENT_IOTSERVICE_IS_READY
03-25 17:58:46.043 D/HttpRequest( 2757): url : https://apiops.wicanvas.net/device/iot/getScheduleData
03-25 17:58:46.043 D/HttpRequest( 2757): value : {"mac_address":"1C:C0:E1:40:B5:98","start_date":"2019-03-25","end_date":"2019-03-27"}
03-25 17:58:46.047 D/AlarmService( 2757): INTENT_IOTSERVICE_IS_READY
03-25 17:58:46.058 I/a       ( 2757): multi call post api (or use postIotMultipleAPI) APIName:/device/iot/getScheduleData
03-25 17:58:46.339 E/MainService( 2757): {"brightness":196,"brightness_update_time":null,"volume":0,"play_status":true,"reboot_time":[],"eco_data":{"eco_time":[],"eco_brightness":0},"ntp_url":"","background_data":{"media_h_url":"","media_h_update_time":"","media_v_url":"","media_v_update_time":"","media_s_url":"","media_s_update_time":""},"demand_status":false}
03-25 17:58:46.341 E/MainService( 2757): server not support set brightness_update_time
03-25 17:58:46.356 I/c       ( 2757): stop reboot schedule
03-25 17:58:46.378 I/swpc.wistron.com.wiwall.tv.db.a( 2757): no reboot schedule
03-25 17:58:46.378 I/c       ( 2757): tv don't have reboot schedule
03-25 17:58:46.385 I/a       ( 2757): stop brightness schedule
03-25 17:58:46.399 I/a       ( 2757): no brightness schedule
03-25 17:58:46.402 I/a       ( 2757): no brightness schedule
03-25 17:58:46.402 I/a       ( 2757): tv don't have Brightness Schedule
03-25 17:58:46.408 I/d       ( 2757): no file(s) download
03-25 17:58:46.408 I/b       ( 2757): download all done
03-25 17:58:46.411 D/MainService( 2757): play_status:true
03-25 17:58:46.411 D/MainService( 2757): demand_status:false
03-25 17:58:46.434 I/a       ( 2757): onSensorChanged, X = -0.20362854, Y = -9.460968
03-25 17:58:46.434 I/a       ( 2757): mSensorStatus = 3
03-25 17:58:46.436 I/o       ( 2757): onStatusChecked
03-25 17:58:46.438 E/b       ( 2757): type=1
03-25 17:58:46.438 E/b       ( 2757): set default image
03-25 17:58:46.594 D/AlarmService( 2757): /device/iot/getScheduleData processFinish!
03-25 17:58:46.615 D/f       ( 2757): onUploaded
03-25 17:58:46.621 D/f       ( 2757): Post API: /device/iot/addMachineAppLog
03-25 17:58:46.621 D/f       ( 2757): JSON: {"mac_address":"1C:C0:E1:40:B5:98","file_key":"machine-app-logs\/9\/14\/dfdd45117eb559108a8acd9d816ff02d.txt","file_size":567535}
03-25 17:58:46.624 D/HttpRequest( 2757): url : https://apiops.wicanvas.net/device/iot/addMachineAppLog
03-25 17:58:46.624 D/HttpRequest( 2757): value : {"mac_address":"1C:C0:E1:40:B5:98","file_key":"machine-app-logs\/9\/14\/dfdd45117eb559108a8acd9d816ff02d.txt","file_size":567535}
03-25 17:58:46.658 D/d       ( 2757): -----offset Time:------- 20
03-25 17:58:46.747 I/ActivityManager( 1042): Killing 2467:org.videolan.vlc/u0a73 (adj 15): empty #17
03-25 17:58:47.186 D/f       ( 2757): processFinish result: {"count":1}
03-25 17:58:47.306 D/wpa_supplicant( 1600): wlan0: Control interface command 'SIGNAL_POLL'
03-25 17:58:47.318 D/wpa_supplicant( 1600): CTRL-DEBUG: global_ctrl_sock-sendto: sock=11 sndbuf=212992 outq=0 send_len=49
03-25 17:58:47.801 I/AWSIotMqttManager( 2757): message arrived on topic: /WIWALL/ops/3f3da8750cefaecc553ee7aad7f4bd4615bd93544df8f8e0f4a07c97a5a54001/scheduleUUID
03-25 17:58:47.803 D/a       ( 2757): mqtt message = {"schedule_uuid":"94f11b90-4ee4-11e9-9c8e-b336f4d838cb","iot_id":"b869afb8-22f1-4a6e-9375-e3c84ab2c459"}
03-25 17:58:47.839 I/a       ( 2757): send Iot ack IotId:b869afb8-22f1-4a6e-9375-e3c84ab2c459
03-25 17:58:47.844 I/a       ( 2757): {"schedule_uuid":"94f11b90-4ee4-11e9-9c8e-b336f4d838cb","iot_id":"b869afb8-22f1-4a6e-9375-e3c84ab2c459"}
03-25 17:58:47.845 D/HttpRequest( 2757): url : https://apiops.wicanvas.net/device/iot/receiveIoTAck
03-25 17:58:47.846 D/HttpRequest( 2757): value : {"mac_address":"1C:C0:E1:40:B5:98","iot_id":"b869afb8-22f1-4a6e-9375-e3c84ab2c459"}
03-25 17:58:47.850 D/HttpRequest( 2757): url : https://apiops.wicanvas.net/device/iot/getScheduleByUuid
03-25 17:58:47.850 D/HttpRequest( 2757): value : {"schedule_uuid":"94f11b90-4ee4-11e9-9c8e-b336f4d838cb"}
03-25 17:58:47.987 E/a       ( 2757): scheduleData = 
03-25 17:58:47.987 E/a       ( 2757): {"ext":{"schedule_start_date":"2019-03-25","schedule_end_date":"2019-03-27","time_zone":"Asia/Taipei"},"scheduleData":[{"schedule_id":1,"schedule_uuid":"ccf404c9-c3e6-42f7-966d-868be9be0be4","start_time":1553501948000,"end_time":1553527148000,"schedule_update_time":"2019-03-25T09:56:30.993Z","ext":{"p_data":[{"program_id":"2320_1","duration":10000}]}},{"schedule_id":2,"schedule_uuid":"ccf404c9-c3e6-42f7-966d-868be9be0be4","start_time":1553588348000,"end_time":1553613548000,"schedule_update_time"
03-25 17:58:47.987 E/a       ( 2757): :"2019-03-25T09:56:30.993Z","ext":{"p_data":[{"program_id":"2320_1","duration":10000}]}},{"schedule_id":3,"schedule_uuid":"ccf404c9-c3e6-42f7-966d-868be9be0be4","start_time":1553674748000,"end_time":1553699948000,"schedule_update_time":"2019-03-25T09:56:30.993Z","ext":{"p_data":[{"program_id":"2320_1","duration":10000}]}}],"programDetail":{"2320_1":{"id":"2320_1","layoutId":1000,"width":1920,"height":1080,"duration":10000,"sections":[{"sectionId":"100","x":0,"y":0,"width":1920,"height":1080,"has
03-25 17:58:47.987 E/a       ( 2757): Volume":false,"imgOptions":{"mode":"contain"},"timeline":[{"media_id":"1471","duration":10000}]}],"text":[],"marquee":[],"audio":[]}},"playlistDetail":{},"mediaDetail":{"1471":{"media_type":1,"media_key":"https://wiwall-ops-upload.s3.ap-northeast-1.amazonaws.com/media-info/9/14/e1044458600b19bce29a1822c18cc970.jpg?AWSAccessKeyId=ASIAVI4Z2AU6NJHMLHH5&Expires=1553767126&Signature=5hTulerbGQ1pCSmpDovz86Y86Gg%3D&x-amz-security-token=FQoGZXIvYXdzEDsaDGENi0Yf1i0x3LlHEyL4Ab%2FqmRgKbM3B%2F0v51wNNMfSVtU2
03-25 17:58:47.988 E/a       ( 2757): cu7p1IQta0zs26PpkcUpRYSK7zHsZH%2FLsGL%2FUbSb1PJ5S7nN9siRFnAxc%2FIahmKZ8RI1Upz%2BrBHx8t7nZmbxLwIOP7mqLB2mee17lzTGKeap%2FvXd01zhyG7CCwTZWN%2BfzlXof0hxn2JL8OjgAYLn9b0sKI3%2Fgk9Urne%2BkE9vrI0UnYj3MI6%2B5Q7Jq%2FHlwaBQJcozJn0eKWOoePXVF020XdHDCIIYpWzVRj2%2Bh3ptuA19L1JRsIBmD5qmtzTq%2FDWJ6oEZopxuZR8c49IO2j0gaZFnzQvWziwRqK3gbYu1VJh2moLw5KNa%2B4uQF","media_size":740892,"update_date":1553498676285,"ext":{"programs":["2320_1"]}}}}
03-25 17:58:48.010 I/a       ( 2757): Iot ack finish
03-25 17:58:48.056 I/a       ( 2757): serverSchedule UUID = ccf404c9-c3e6-42f7-966d-868be9be0be4
03-25 17:58:48.057 I/a       ( 2757): serverSchedule getStartTime = 1553501948000
03-25 17:58:48.057 I/a       ( 2757): serverSchedule getEndTime = 1553527148000
03-25 17:58:48.057 I/a       ( 2757): serverSchedule updateTime = 2019-03-25T09:56:30.993Z
03-25 17:58:48.057 I/a       ( 2757): deviceSchedule UUID = ccf404c9-c3e6-42f7-966d-868be9be0be4
03-25 17:58:48.058 I/a       ( 2757): deviceSchedule getStartTime = Mon Mar 25 16:19:08 GMT+08:00 2019
03-25 17:58:48.058 I/a       ( 2757): deviceSchedule getEndTime = Mon Mar 25 23:19:08 GMT+08:00 2019
03-25 17:58:48.058 I/a       ( 2757): deviceSchedule updateTime = 2019-03-25T09:56:30.993Z
03-25 17:58:48.195 D/a       ( 2757): updateAlarm()
03-25 17:58:48.198 I/a       ( 2757): preSendAlarm:currentPlaySchedule:1
03-25 17:58:48.198 I/a       ( 2757): preSendAlarm:sclist(0).getStartTime:Mon Mar 25 16:19:08 GMT+08:00 2019
03-25 17:58:48.198 I/a       ( 2757): preSendAlarm:sclist(0).getEndTime:Mon Mar 25 23:19:08 GMT+08:00 2019
03-25 17:58:48.198 I/a       ( 2757): preSendAlarm:scheduleId:1
03-25 17:58:48.199 W/ContextImpl( 2757): Calling a method in the system process without a qualified user: android.app.ContextImpl.startService:1221 android.content.ContextWrapper.startService:581 swpc.wistron.com.wiwall.tv.iot.a.a:742 swpc.wistron.com.wiwall.tv.iot.a.b:748 swpc.wistron.com.wiwall.tv.iot.a.a:110 
03-25 17:58:48.202 I/a       ( 2757): fix_currentPlaySchedule1
03-25 17:58:48.203 D/AlarmManagerService( 1042): Kernel timezone updated to -480 minutes west of GMT
03-25 17:58:48.203 W/ContextImpl( 2757): Calling a method in the system process without a qualified user: android.app.ContextImpl.startService:1221 android.content.ContextWrapper.startService:581 swpc.wistron.com.wiwall.tv.iot.a.b:762 swpc.wistron.com.wiwall.tv.iot.a.a:110 swpc.wistron.com.wiwall.tv.iot.a$a.onPostExecute:587 
03-25 17:58:48.207 I/AlarmService( 2757): receive alarm INTENT_ALARM_ALARMED_ARRIVED
03-25 17:58:48.207 I/AlarmService( 2757): currentScheduleId= 1
03-25 17:58:48.207 I/AlarmService( 2757): scheduleId= 1
03-25 17:58:48.207 I/AlarmService( 2757): VideoFragment= false
03-25 17:58:48.207 D/AlarmService( 2757): INTENT_TIMETABLE_IS_UPDATED
03-25 17:58:48.217 D/e       ( 2757): initSchedule()1
03-25 17:58:48.221 I/e       ( 2757): imageView VISIBLE
03-25 17:58:48.221 I/e       ( 2757): textureView GONE
03-25 17:58:48.221 D/e       ( 2757): removeContentThread()
03-25 17:58:48.221 D/e       ( 2757): removeScheduleThread()
03-25 17:58:48.221 D/e       ( 2757): checkFile()
03-25 17:58:48.231 I/g       ( 2757): status =8Message: caller:e checkFile()
03-25 17:58:48.231 I/g       ( 2757): Preparing content
03-25 17:58:48.231 I/g       ( 2757): TextHidden =false
03-25 17:58:48.238 D/e       ( 2757): download completeAll()
03-25 17:58:48.238 D/e       ( 2757): insertPlaylistInfo()
03-25 17:58:48.238 D/swpc.wistron.com.wiwall.tv.db.a( 2757): getContinuousScheduleID()
03-25 17:58:48.245 E/swpc.wistron.com.wiwall.tv.db.a( 2757): start Mon Mar 25 16:19:08 GMT+08:00 2019
03-25 17:58:48.245 E/swpc.wistron.com.wiwall.tv.db.a( 2757): end Mon Mar 25 23:19:08 GMT+08:00 2019
03-25 17:58:48.245 D/e       ( 2757): +10s
03-25 17:58:48.245 D/e       ( 2757): calculatePlaylistTime()
03-25 17:58:48.245 D/e       ( 2757): ---currentScheduleStartTime:1553507928000 playlistIndex:0
03-25 17:58:48.246 D/e       ( 2757): scheduleTime:1553507928000 playIndex:0
03-25 17:58:48.246 D/e       ( 2757): insertContentInfo()
03-25 17:58:48.246 D/e       ( 2757): playProgram()
03-25 17:58:48.285 I/InputReader( 1042): Reconfiguring input devices.  changes=0x00000004
03-25 17:58:48.285 D/ProgramControllerImpl( 2757): setData()
03-25 17:58:48.286 D/ProgramControllerImpl( 2757): initPlayer()
03-25 17:58:48.286 D/ProgramControllerImpl( 2757): set schedule: 1, repeat: 0
03-25 17:58:48.286 D/ProgramControllerImpl( 2757): getProgramJSON, scheduleId =1
03-25 17:58:48.288 D/ProgramControllerImpl( 2757): program JSON has value, add a compositePlayer.
03-25 17:58:48.288 D/ProgramControllerImpl( 2757): clearAllDBContent()
03-25 17:58:48.288 D/ProgramControllerImpl( 2757): saveAllDBContent()
03-25 17:58:48.298 I/WindowManager( 1042): Screen frozen for +50ms due to Window{2e2f03c u0 Starting swpc.wistron.com.wiwall.tv}
03-25 17:58:48.301 D/ProgramControllerImpl( 2757): mContentInfos is empty
03-25 17:58:48.302 D/ProgramControllerImpl( 2757): get content from DB.
03-25 17:58:48.320 D/DrawFrameCallback( 2757): register choreographer callback.
03-25 17:58:48.321 I/g       ( 2757): TextHidden =true
03-25 17:58:48.322 D/CompositePlayer( 2757): [7028329] set data.
03-25 17:58:48.315 I/top     ( 2948): type=1400 audit(0.0:966): avc: denied { search } for name="336" dev="proc" ino=12401 scontext=u:r:system_app:s0 tcontext=u:r:logd:s0 tclass=dir permissive=1
03-25 17:58:48.315 I/top     ( 2948): type=1400 audit(0.0:967): avc: denied { read } for name="stat" dev="proc" ino=17718 scontext=u:r:system_app:s0 tcontext=u:r:logd:s0 tclass=file permissive=1
03-25 17:58:48.315 I/top     ( 2948): type=1400 audit(0.0:968): avc: denied { open } for path="/proc/336/stat" dev="proc" ino=17718 scontext=u:r:system_app:s0 tcontext=u:r:logd:s0 tclass=file permissive=1
03-25 17:58:48.315 I/top     ( 2948): type=1400 audit(0.0:969): avc: denied { getattr } for path="/proc/336/stat" dev="proc" ino=17718 scontext=u:r:system_app:s0 tcontext=u:r:logd:s0 tclass=file permissive=1
03-25 17:58:48.315 I/top     ( 2948): type=1400 audit(0.0:970): avc: denied { read } for name="task" dev="proc" ino=12402 scontext=u:r:system_app:s0 tcontext=u:r:logd:s0 tclass=dir permissive=1
03-25 17:58:48.315 I/top     ( 2948): type=1400 audit(0.0:971): avc: denied { open } for path="/proc/336/task" dev="proc" ino=12402 scontext=u:r:system_app:s0 tcontext=u:r:logd:s0 tclass=dir permissive=1
03-25 17:58:48.325 I/top     ( 2948): type=1400 audit(0.0:972): avc: denied { search } for name="517" dev="proc" ino=1237 scontext=u:r:system_app:s0 tcontext=u:r:cnd:s0 tclass=dir permissive=1
03-25 17:58:48.325 I/top     ( 2948): type=1400 audit(0.0:973): avc: denied { read } for name="stat" dev="proc" ino=17754 scontext=u:r:system_app:s0 tcontext=u:r:cnd:s0 tclass=file permissive=1
03-25 17:58:48.325 I/top     ( 2948): type=1400 audit(0.0:974): avc: denied { open } for path="/proc/517/stat" dev="proc" ino=17754 scontext=u:r:system_app:s0 tcontext=u:r:cnd:s0 tclass=file permissive=1
03-25 17:58:48.325 I/top     ( 2948): type=1400 audit(0.0:975): avc: denied { getattr } for path="/proc/517/stat" dev="proc" ino=17754 scontext=u:r:system_app:s0 tcontext=u:r:cnd:s0 tclass=file permissive=1
03-25 17:58:48.325 I/top     ( 2948): type=1400 audit(0.0:976): avc: denied { read } for name="task" dev="proc" ino=1238 scontext=u:r:system_app:s0 tcontext=u:r:cnd:s0 tclass=dir permissive=1
03-25 17:58:48.325 I/top     ( 2948): type=1400 audit(0.0:977): avc: denied { open } for path="/proc/517/task" dev="proc" ino=1238 scontext=u:r:system_app:s0 tcontext=u:r:cnd:s0 tclass=dir permissive=1
03-25 17:58:48.325 I/top     ( 2948): type=1400 audit(0.0:978): avc: denied { search } for name="521" dev="proc" ino=11877 scontext=u:r:system_app:s0 tcontext=u:r:wcnss_service:s0 tclass=dir permissive=1
03-25 17:58:48.325 I/top     ( 2948): type=1400 audit(0.0:979): avc: denied { read } for name="stat" dev="proc" ino=17755 scontext=u:r:system_app:s0 tcontext=u:r:wcnss_service:s0 tclass=file permissive=1
03-25 17:58:48.325 I/top     ( 2948): type=1400 audit(0.0:980): avc: denied { open } for path="/proc/521/stat" dev="proc" ino=17755 scontext=u:r:system_app:s0 tcontext=u:r:wcnss_service:s0 tclass=file permissive=1
03-25 17:58:48.325 I/top     ( 2948): type=1400 audit(0.0:981): avc: denied { getattr } for path="/proc/521/stat" dev="proc" ino=17755 scontext=u:r:system_app:s0 tcontext=u:r:wcnss_service:s0 tclass=file permissive=1
03-25 17:58:48.325 I/top     ( 2948): type=1400 audit(0.0:982): avc: denied { read } for name="task" dev="proc" ino=31908 scontext=u:r:system_app:s0 tcontext=u:r:wcnss_service:s0 tclass=dir permissive=1
03-25 17:58:48.325 I/top     ( 2948): type=1400 audit(0.0:983): avc: denied { open } for path="/proc/521/task" dev="proc" ino=31908 scontext=u:r:system_app:s0 tcontext=u:r:wcnss_service:s0 tclass=dir permissive=1
03-25 17:58:48.348 D/CompositePlayer( 2757): [7028329] play
03-25 17:58:48.348 D/ProgramControllerImpl( 2757): get content from self content list.
03-25 17:58:48.351 D/ProgramControllerImpl( 2757): Program is video:false
03-25 17:58:48.356 I/System.out( 2757): User 8%, System 7%, IOW 0%, IRQ 2%
03-25 17:58:48.356 E/Sensors (  578): sns_debug_main.c(420):Debug Timer Callback called
03-25 17:58:48.359 D/BluetoothUtils( 2059): callingUid =1000
03-25 17:58:48.359 E/BluetoothUtils( 2059): foregroundUser =0
03-25 17:58:48.359 E/BluetoothUtils( 2059): callingUser =0
03-25 17:58:48.360 I/A2dpStateMachine( 2059): mConnectedDevicesList size is 0
03-25 17:58:48.369 D/ImagePlayer( 2757): [99637285][Player 0] load image.
03-25 17:58:48.440 D/HttpRequest( 2757): url : https://apiops.wicanvas.net/device/iot/syncMachineInfo
03-25 17:58:48.440 D/HttpRequest( 2757): value : {"mac_address":"1C:C0:E1:40:B5:98","cpu":"17%","total_memory_size":"3.53 GB","memory_in_used":"722.88 MB","total_internal_storage":"8.24 GB","internal_storage_used":"1.17 GB","total_external_storage":"[]","external_storage_used":"[]","peripheral_list":"[]","app_version":"012-T-OPS","os_version":"6.0.1","device_agent_version":"msm8994-userdebug 6.0.1 WiWall-0.0.0.10-1520 46 test-keys","temperature":"46 °C","t_con":"0","backlight":"On","ntp_server_ip":"[tock.stdtime.gov.tw, time1.google.com, 0.tw.pool.ntp.org]","ntp_reachability":"[No Data, No Data, No Data]","ntp_average_rms_offset":"[No Data, No Data, No Data]","ntp_last_sync_time":"[No Data, No Data, No Data]","machine_ip":"192.168.1.40","g_sensor_data":"X=-0.20362854, Y=-9.460968, Z=2.5108032","brightness":196,"volume":0,"resolution_w":1920,"resolution_h":1080,"angle":-1,"bt_speaker_connect":false,"bt_speaker_name":"null"}
03-25 17:58:48.452 D/d       ( 2757): -----offset Time:------- 18
03-25 17:58:48.457 D/ImagePlayer( 2757): [99637285][Player 0] draw image
03-25 17:58:48.468 D/CompositePlayer( 2757): [7028329], ImagePlayer prepared number: 1, total section number: 1
03-25 17:58:48.469 D/CompositePlayer( 2757): [7028329] play sync player
03-25 17:58:48.469 D/ImagePlayer( 2757): [99637285][Player 0] play image.
03-25 17:58:48.693 D/p       ( 2757): /device/iot/syncMachineInfo processFinish!
03-25 17:58:50.308 I/art     ( 1042): Starting a blocking GC Explicit
03-25 17:58:50.338 D/wpa_supplicant( 1600): wlan0: Control interface command 'SIGNAL_POLL'
03-25 17:58:50.342 D/wpa_supplicant( 1600): CTRL-DEBUG: global_ctrl_sock-sendto: sock=11 sndbuf=212992 outq=0 send_len=49
03-25 17:58:50.412 I/art     ( 1042): Explicit concurrent mark sweep GC freed 7037(986KB) AllocSpace objects, 8(544KB) LOS objects, 33% free, 9MB/13MB, paused 816us total 103.090ms
03-25 17:58:50.891 I/MSM-irqbalance(  581): Decided to move IRQ216 from CPU3 to CPU1
03-25 17:58:51.485 I/AWSIotMqttManager( 2757): message arrived on topic: /WIWALL/ops/3f3da8750cefaecc553ee7aad7f4bd4615bd93544df8f8e0f4a07c97a5a54001/checkMachineIoTStatus
03-25 17:58:51.486 D/a       ( 2757): mqtt message = {"iot_cert_id":"3f3da8750cefaecc553ee7aad7f4bd4615bd93544df8f8e0f4a07c97a5a54001","checkTime":"2019-03-25T09:58:40.672Z","iot_id":"7bafc6cb-ee5c-4103-aff9-92333323b583"}
03-25 17:58:51.507 I/a       ( 2757): send Iot ack IotId:7bafc6cb-ee5c-4103-aff9-92333323b583
03-25 17:58:51.511 D/a       ( 2757): handleCheckIOTStatus, normalMessage: {"iot_cert_id":"3f3da8750cefaecc553ee7aad7f4bd4615bd93544df8f8e0f4a07c97a5a54001","checkTime":"2019-03-25T09:58:40.672Z","iot_id":"7bafc6cb-ee5c-4103-aff9-92333323b583"}
03-25 17:58:51.511 D/HttpRequest( 2757): url : https://apiops.wicanvas.net/device/iot/receiveIoTAck
03-25 17:58:51.511 D/HttpRequest( 2757): value : {"mac_address":"1C:C0:E1:40:B5:98","iot_id":"7bafc6cb-ee5c-4103-aff9-92333323b583"}
03-25 17:58:51.514 D/a       ( 2757): sendResetIoTStatusAck
03-25 17:58:51.519 D/HttpRequest( 2757): url : https://apiops.wicanvas.net/device/iot/resetIoTStatus
03-25 17:58:51.519 D/HttpRequest( 2757): value : {"iot_cert_id":"3f3da8750cefaecc553ee7aad7f4bd4615bd93544df8f8e0f4a07c97a5a54001"}
03-25 17:58:51.738 W/FlurryAgent( 2557): Flurry session ended
03-25 17:58:51.770 I/a       ( 2757): Iot ack finish
03-25 17:58:51.896 D/a       ( 2757): /device/iot/resetIoTStatus processFinish!
03-25 17:58:52.509 W/FlurryAgent( 2557): Analytics report sent.
03-25 17:58:53.232 I/b       ( 2757): -----all of schedule----
03-25 17:58:53.251 I/b       ( 2757): schedule startTime:Mon Mar 25 16:19:08 GMT+08:00 2019
03-25 17:58:53.251 I/b       ( 2757): schedule EndTime:Mon Mar 25 23:19:08 GMT+08:00 2019
03-25 17:58:53.253 I/b       ( 2757): schedule Id:1
03-25 17:58:53.253 I/b       ( 2757): ---------
