03-25 17:58:53.253 I/b       ( 2757): schedule startTime:Tue Mar 26 16:19:08 GMT+08:00 2019
03-25 17:58:53.254 I/b       ( 2757): schedule EndTime:Tue Mar 26 23:19:08 GMT+08:00 2019
03-25 17:58:53.254 I/b       ( 2757): schedule Id:2
03-25 17:58:53.254 I/b       ( 2757): ---------
03-25 17:58:53.254 I/b       ( 2757): schedule startTime:Wed Mar 27 16:19:08 GMT+08:00 2019
03-25 17:58:53.254 I/b       ( 2757): schedule EndTime:Wed Mar 27 23:19:08 GMT+08:00 2019
03-25 17:58:53.254 I/b       ( 2757): schedule Id:3
03-25 17:58:53.254 I/b       ( 2757): ---------
03-25 17:58:53.260 D/TimeCycleAlarmReceiver( 2757): totalPickedAlarmedList size= 1
03-25 17:58:53.268 D/TimeCycleAlarmReceiver( 2757): startRequestCode = 2
03-25 17:58:53.278 D/TimeCycleAlarmReceiver( 2757): now , cancel exist alarm
03-25 17:58:53.294 D/TimeCycleAlarmReceiver( 2757): ----The pickedAlarmedSList 0 splitter----
03-25 17:58:53.295 D/TimeCycleAlarmReceiver( 2757): alarmed.getDate() = 2019-03-25
03-25 17:58:53.296 D/TimeCycleAlarmReceiver( 2757): alarmed.getStartTime() = 16:19:08
03-25 17:58:53.296 D/TimeCycleAlarmReceiver( 2757): alarmed.getEndTime() = 23:19:08
03-25 17:58:53.296 D/TimeCycleAlarmReceiver( 2757): ---------
03-25 17:58:53.300 D/TimeCycleAlarmReceiver( 2757): alarmed.getDate() = 2019-03-25
03-25 17:58:53.301 D/TimeCycleAlarmReceiver( 2757): alarmed.getStartTime() = 23:19:09
03-25 17:58:53.301 D/TimeCycleAlarmReceiver( 2757): alarmed.getEndTime() = 23:59:59
03-25 17:58:53.301 D/TimeCycleAlarmReceiver( 2757): ---------
03-25 17:58:53.306 D/TimeCycleAlarmReceiver( 2757): ----The pickedAlarmedSList 0 setAlarmed Finish
03-25 17:58:53.319 D/TimeCycleAlarmReceiver( 2757): next time cycle= 2019-03-26 00:00:00
03-25 17:58:53.354 D/wpa_supplicant( 1600): wlan0: Control interface command 'SIGNAL_POLL'
03-25 17:58:53.357 D/wpa_supplicant( 1600): CTRL-DEBUG: global_ctrl_sock-sendto: sock=11 sndbuf=212992 outq=0 send_len=49
03-25 17:58:55.581 I/AWSIotMqttManager( 2757): message arrived on topic: /WIWALL/ops/3f3da8750cefaecc553ee7aad7f4bd4615bd93544df8f8e0f4a07c97a5a54001/machineVersionUpdate
03-25 17:58:55.582 D/a       ( 2757): mqtt message = {"update_status":1,"machine_version_id":10,"version_number":"190218_012T_OPS","fileUrl":"https://d3ulzrmctshgo7.cloudfront.net/apk-info/694f22c7c45f0b7afa349b1857002fc0.apk?Expires=1553518725&Policy=eyJTdGF0ZW1lbnQiOlt7IlJlc291cmNlIjoiaHR0cHM6Ly9kM3VsenJtY3RzaGdvNy5jbG91ZGZyb250Lm5ldC9hcGstaW5mby82OTRmMjJjN2M0NWYwYjdhZmEzNDliMTg1NzAwMmZjMC5hcGsiLCJDb25kaXRpb24iOnsiRGF0ZUxlc3NUaGFuIjp7IkFXUzpFcG9jaFRpbWUiOjE1NTM1MTg3MjV9fX1dfQ__&Signature=arZATPdTfObYe-q89o~VEp14-6zLLqmnnEk9d7rjuQc7LxBCn-1z0lLlR~OdhvRXl5jP4yYA58cl8LdKp40vZCp~UXnm5MLUleGP~ZGKWytQLPTgnHHU4QtaAK8RYxIDGiCvZaaZ1esvR~JpcrpibXRe6bP5GKZP9iIrW0RurEDe8fIB0UOMAGuWmkLOgIxELon1Af7QuS-NQtCKn01NqWmUcHOjQtxK1khc-JoKLoU4n-wUFJZljPRbj4i5cdIylPdtsJNG5Ml6Al7CIN0ZzAbQkX34sSLUtWPSaLf7Wfn~LCptk5vbugGH2DRg1TrqB3EqWsmxxQlXagXZGgO9nA__&Key-Pair-Id=APKAJH3M4WZ5KWSFJI6Q","iot_id":"2492c09a-1ed5-4c70-9efb-ff2dd9c1583e"}
03-25 17:58:55.599 I/a       ( 2757): send Iot ack IotId:2492c09a-1ed5-4c70-9efb-ff2dd9c1583e
03-25 17:58:55.604 D/HttpRequest( 2757): url : https://apiops.wicanvas.net/device/iot/receiveIoTAck
03-25 17:58:55.604 D/HttpRequest( 2757): value : {"mac_address":"1C:C0:E1:40:B5:98","iot_id":"2492c09a-1ed5-4c70-9efb-ff2dd9c1583e"}
03-25 17:58:55.831 I/a       ( 2757): Iot ack finish
03-25 17:58:56.382 D/wpa_supplicant( 1600): wlan0: Control interface command 'SIGNAL_POLL'
03-25 17:58:56.390 D/wpa_supplicant( 1600): CTRL-DEBUG: global_ctrl_sock-sendto: sock=11 sndbuf=212992 outq=0 send_len=49
03-25 17:58:57.473 D/ImagePlayer( 2757): [99637285][Player 0] call next content to preload.
03-25 17:58:57.477 D/ProgramControllerImpl( 2757): get content from self content list.
03-25 17:58:57.483 D/ProgramControllerImpl( 2757): Program is video:false
03-25 17:58:57.500 I/MediaFocusControl( 1042):  AudioFocus  abandonAudioFocus() from android.media.AudioManager@a9cbf97com.android.music.MediaPlaybackService$3@ce7c584
03-25 17:58:57.500 V/MusicFXControlPanelReceiver( 2800): onReceive
03-25 17:58:57.501 V/MusicFXControlPanelReceiver( 2800): Action: android.media.action.CLOSE_AUDIO_EFFECT_CONTROL_SESSION
03-25 17:58:57.501 V/MusicFXControlPanelReceiver( 2800): Package name: com.android.music
03-25 17:58:57.501 V/MusicFXControlPanelReceiver( 2800): Audio session: 16
03-25 17:58:57.502 V/MusicFXControlPanelEffect( 2800): closeSession(android.app.ReceiverRestrictedContext@9d9a2fa, com.android.music, 16)
03-25 17:58:57.510 D/ImagePlayer( 2757): [234049953][Player 0] load image.
03-25 17:58:57.516 I/ActivityManager( 1042): Killing 1827:com.android.music/u0a53 (adj 15): empty #17
03-25 17:58:57.588 V/RemoteController( 2059): Updating current controller package as swpc.wistron.com.wiwall.tv from com.android.music
03-25 17:58:57.591 D/AudioManager( 2059): updateMediaPlayerList: Add RCC swpc.wistron.com.wiwall.tv to List
03-25 17:58:57.591 V/AudioService( 1042): addMediaPlayerAndUpdateRemoteController: size of existing list: 1
03-25 17:58:57.591 E/AudioService( 1042): Player: com.android.musicLost Focus
03-25 17:58:57.591 E/AudioService( 1042): Adding Player: swpc.wistron.com.wiwall.tv to available player list
03-25 17:58:57.593 V/AudioService( 1042): updating focussed RCC change to RCD: CallingPackageName:swpc.wistron.com.wiwall.tv
03-25 17:58:57.594 V/Avrcp   ( 2059): received RCC_CHANGED_ACTION
03-25 17:58:57.594 V/Avrcp   ( 2059): New genId = 0, clearing = 0
03-25 17:58:57.594 I/Avrcp   ( 2059): State change for music app
03-25 17:58:57.594 V/Avrcp   ( 2059): updatePlayPauseState, state: 0 device: null
03-25 17:58:57.594 V/Avrcp   ( 2059): focus: true , availability: true
03-25 17:58:57.594 V/Avrcp   ( 2059): Device: no name: 
03-25 17:58:57.594 V/Avrcp   ( 2059): updatePlayerPlayPauseState, old=0, state=0
03-25 17:58:57.594 V/Avrcp   ( 2059): old state = 0, new state= 0
03-25 17:58:57.594 V/Avrcp   ( 2059): getPlayPosition position: 0 Device:null
03-25 17:58:57.594 I/Avrcp   ( 2059): updatePlayStatusForDevice: device: null
03-25 17:58:57.594 V/Avrcp   ( 2059): oldPlayStatus 0
03-25 17:58:57.594 V/Avrcp   ( 2059): newPlayStatus 0
03-25 17:58:57.595 V/Avrcp   ( 2059): MSG_UPDATE_RCC_CHANGE
03-25 17:58:57.595 V/Avrcp   ( 2059): processRCCStateChange: swpc.wistron.com.wiwall.tv
03-25 17:58:57.595 V/Avrcp   ( 2059): SetaddressedPlayer request is not in progress
03-25 17:58:57.595 V/Avrcp   ( 2059): isResetFocusRequired: true
03-25 17:58:57.595 V/Avrcp   ( 2059): setting swpc.wistron.com.wiwall.tv focus: false
03-25 17:58:57.595 V/Avrcp   ( 2059): Send MSG_UPDATE_ADDRESSED_PLAYER: 0
03-25 17:58:57.595 V/Avrcp   ( 2059): updateAddressedMediaPlayer
03-25 17:58:57.595 V/Avrcp   ( 2059): current Player: 1
03-25 17:58:57.595 V/Avrcp   ( 2059): Requested Player: 0
03-25 17:58:57.595 V/Avrcp   ( 2059): Do not reset notifications, ADDR_PLAYR_CHNGD not registered
03-25 17:58:57.609 D/ImagePlayer( 2757): [234049953][Player 0] draw image
03-25 17:58:58.306 I/AlarmService( 2757): receive alarm INTENT_ALARM_ALARMED_ARRIVED
03-25 17:58:58.306 I/AlarmService( 2757): currentScheduleId= 1
03-25 17:58:58.306 I/AlarmService( 2757): scheduleId= 1
03-25 17:58:58.306 I/AlarmService( 2757): VideoFragment= true
03-25 17:58:58.480 D/ImagePlayer( 2757): [99637285][Player 0] image play onComplete.
03-25 17:58:58.482 D/ImagePlayer( 2757): [234049953][Player 0] play image.
03-25 17:58:58.485 D/ProgramControllerImpl( 2757): send id: 2320_1, type: 3, start time: 17:58:48, end time: 17:58:58
03-25 17:58:58.583 D/ProgramControllerImpl( 2757): send id: 1471, type: 1, start time: 17:58:48, end time: 17:58:58
03-25 17:58:58.584 D/ImagePlayer( 2757): [99637285][Player 0] release resource.
03-25 17:58:59.415 D/wpa_supplicant( 1600): wlan0: Control interface command 'SIGNAL_POLL'
03-25 17:58:59.427 D/wpa_supplicant( 1600): CTRL-DEBUG: global_ctrl_sock-sendto: sock=11 sndbuf=212992 outq=0 send_len=49
03-25 17:59:02.449 D/wpa_supplicant( 1600): wlan0: Control interface command 'SIGNAL_POLL'
03-25 17:59:02.454 D/wpa_supplicant( 1600): CTRL-DEBUG: global_ctrl_sock-sendto: sock=11 sndbuf=212992 outq=0 send_len=49
03-25 17:59:05.483 D/wpa_supplicant( 1600): wlan0: Control interface command 'SIGNAL_POLL'
03-25 17:59:05.488 D/wpa_supplicant( 1600): CTRL-DEBUG: global_ctrl_sock-sendto: sock=11 sndbuf=212992 outq=0 send_len=49
03-25 17:59:07.495 D/ImagePlayer( 2757): [234049953][Player 0] call next content to preload.
03-25 17:59:07.498 D/ProgramControllerImpl( 2757): get content from self content list.
03-25 17:59:07.504 D/ProgramControllerImpl( 2757): Program is video:false
03-25 17:59:07.537 D/ImagePlayer( 2757): [232995107][Player 0] load image.
03-25 17:59:07.646 D/ImagePlayer( 2757): [232995107][Player 0] draw image
03-25 17:59:08.499 D/ImagePlayer( 2757): [234049953][Player 0] image play onComplete.
03-25 17:59:08.499 D/ImagePlayer( 2757): [232995107][Player 0] play image.
03-25 17:59:08.500 D/ProgramControllerImpl( 2757): send id: 2320_1, type: 3, start time: 17:58:58, end time: 17:59:08
03-25 17:59:08.510 D/wpa_supplicant( 1600): wlan0: Control interface command 'SIGNAL_POLL'
03-25 17:59:08.518 D/wpa_supplicant( 1600): CTRL-DEBUG: global_ctrl_sock-sendto: sock=11 sndbuf=212992 outq=0 send_len=49
03-25 17:59:08.521 D/ConnectivityService( 1042): updateNetworkScore for NetworkAgentInfo [WIFI () - 100] to 56
03-25 17:59:08.603 D/ProgramControllerImpl( 2757): send id: 1471, type: 1, start time: 17:58:58, end time: 17:59:08
03-25 17:59:08.603 D/ImagePlayer( 2757): [234049953][Player 0] release resource.
03-25 17:59:10.893 I/MSM-irqbalance(  581): Decided to move IRQ65 from CPU1 to CPU3
03-25 17:59:11.538 D/wpa_supplicant( 1600): wlan0: Control interface command 'SIGNAL_POLL'
03-25 17:59:11.544 D/wpa_supplicant( 1600): CTRL-DEBUG: global_ctrl_sock-sendto: sock=11 sndbuf=212992 outq=0 send_len=49
03-25 17:59:14.565 D/wpa_supplicant( 1600): wlan0: Control interface command 'SIGNAL_POLL'
03-25 17:59:14.574 D/wpa_supplicant( 1600): CTRL-DEBUG: global_ctrl_sock-sendto: sock=11 sndbuf=212992 outq=0 send_len=49
03-25 17:59:15.892 I/MSM-irqbalance(  581): Decided to move IRQ253 from CPU1 to CPU3
03-25 17:59:16.585 D/wpa_supplicant( 1600): wlan0: Control interface command 'SCAN TYPE=ONLY'
03-25 17:59:16.585 D/wpa_supplicant( 1600): wlan0: Setting scan request: 0.000000 sec
03-25 17:59:16.585 D/wpa_supplicant( 1600): CTRL-DEBUG: global_ctrl_sock-sendto: sock=11 sndbuf=212992 outq=0 send_len=3
03-25 17:59:16.585 D/wpa_supplicant( 1600): wlan0: Starting AP scan for wildcard SSID
03-25 17:59:16.586 D/wpa_supplicant( 1600): wlan0: Add radio work 'scan'@0x7f890a6140
03-25 17:59:16.586 D/wpa_supplicant( 1600): wlan0: First radio work item in the queue - schedule start immediately
03-25 17:59:16.586 D/wpa_supplicant( 1600): wlan0: Starting radio work 'scan'@0x7f890a6140 after 0.000183 second wait
03-25 17:59:16.586 D/wpa_supplicant( 1600): wlan0: nl80211: scan request
03-25 17:59:16.586 D/wpa_supplicant( 1600): nl80211: Scan SSID - hexdump(len=0): [NULL]
03-25 17:59:16.586 D/wpa_supplicant( 1600): nl80211: Scan extra IEs - hexdump(len=7): 7f 05 00 00 0a 02 01
03-25 17:59:16.588 D/wpa_supplicant( 1600): Scan requested (ret=0) - scan timeout 30 seconds
03-25 17:59:16.588 D/wpa_supplicant( 1600): nl80211: Event message available
03-25 17:59:16.588 D/wpa_supplicant( 1600): nl80211: Drv Event 33 (NL80211_CMD_TRIGGER_SCAN) received for wlan0
03-25 17:59:16.588 D/wpa_supplicant( 1600): wlan0: nl80211: Scan trigger
03-25 17:59:16.589 D/wpa_supplicant( 1600): wlan0: Event SCAN_STARTED (47) received
03-25 17:59:16.589 D/wpa_supplicant( 1600): wlan0: Own scan request started a scan in 0.000382 seconds
03-25 17:59:16.589 D/wpa_supplicant( 1600): CTRL-DEBUG: ctrl_sock-sendmsg: sock=11 sndbuf=212992 outq=768 send_len=24
03-25 17:59:16.590 D/wpa_supplicant( 1600): CTRL_IFACE monitor sent successfully to /data/misc/wifi/sockets/wpa_ctrl_517-2\x00
03-25 17:59:16.590 D/wpa_supplicant( 1600): CTRL-DEBUG: ctrl_sock-sendmsg: sock=11 sndbuf=212992 outq=1536 send_len=24
03-25 17:59:16.590 D/wpa_supplicant( 1600): CTRL_IFACE monitor sent successfully to /data/misc/wifi/sockets/wpa_ctrl_1042-2\x00
03-25 17:59:17.516 D/ImagePlayer( 2757): [232995107][Player 0] call next content to preload.
03-25 17:59:17.519 D/ProgramControllerImpl( 2757): get content from self content list.
03-25 17:59:17.524 D/ProgramControllerImpl( 2757): Program is video:false
03-25 17:59:17.546 D/ImagePlayer( 2757): [212223103][Player 0] load image.
03-25 17:59:17.588 D/wpa_supplicant( 1600): wlan0: Control interface command 'SIGNAL_POLL'
03-25 17:59:17.594 D/wpa_supplicant( 1600): CTRL-DEBUG: global_ctrl_sock-sendto: sock=11 sndbuf=212992 outq=0 send_len=49
03-25 17:59:17.669 D/ImagePlayer( 2757): [212223103][Player 0] draw image
03-25 17:59:18.519 D/ImagePlayer( 2757): [232995107][Player 0] image play onComplete.
03-25 17:59:18.520 D/ImagePlayer( 2757): [212223103][Player 0] play image.
03-25 17:59:18.524 D/ProgramControllerImpl( 2757): send id: 2320_1, type: 3, start time: 17:59:08, end time: 17:59:18
03-25 17:59:18.621 D/ProgramControllerImpl( 2757): send id: 1471, type: 1, start time: 17:59:08, end time: 17:59:18
03-25 17:59:18.621 D/ImagePlayer( 2757): [232995107][Player 0] release resource.
03-25 17:59:20.042 D/wpa_supplicant( 1600): nl80211: Event message available
03-25 17:59:20.042 D/wpa_supplicant( 1600): nl80211: Drv Event 34 (NL80211_CMD_NEW_SCAN_RESULTS) received for wlan0
03-25 17:59:20.042 D/wpa_supplicant( 1600): wlan0: nl80211: New scan results available
03-25 17:59:20.043 D/wpa_supplicant( 1600): nl80211: Scan included frequencies: 2412 2417 2422 2427 2432 2437 2442 2447 2452 2457 2462 5280 5300 5320 5500 5520 5540 5560 5580 5660 5680 5700 5720 5745 5765 5785 5805 5825
03-25 17:59:20.043 D/wpa_supplicant( 1600): wlan0: Event SCAN_RESULTS (3) received
03-25 17:59:20.043 D/wpa_supplicant( 1600): wlan0: Scan completed in 3.454076 seconds
03-25 17:59:20.044 D/wpa_supplicant( 1600): nl80211: Associated on 5745 MHz
03-25 17:59:20.044 D/wpa_supplicant( 1600): nl80211: Associated with b0:39:56:96:f4:40
03-25 17:59:20.044 D/wpa_supplicant( 1600): nl80211: Received scan results (32 BSSes)
03-25 17:59:20.046 D/wpa_supplicant( 1600): nl80211: Scan results indicate BSS status with b0:39:56:96:f4:40 as associated
03-25 17:59:20.046 D/wpa_supplicant( 1600): wlan0: BSS: Start scan result update 3
03-25 17:59:20.047 D/wpa_supplicant( 1600): wlan0: BSS: Add new id 35 BSSID 00:50:7f:e2:d7:20 SSID 'tesco'
03-25 17:59:20.047 D/wpa_supplicant( 1600): CTRL-DEBUG: ctrl_sock-sendmsg: sock=11 sndbuf=212992 outq=0 send_len=41
03-25 17:59:20.049 D/wpa_supplicant( 1600): CTRL_IFACE monitor sent successfully to /data/misc/wifi/sockets/wpa_ctrl_517-2\x00
03-25 17:59:20.049 D/wpa_supplicant( 1600): CTRL-DEBUG: ctrl_sock-sendmsg: sock=11 sndbuf=212992 outq=0 send_len=41
03-25 17:59:20.050 D/wpa_supplicant( 1600): CTRL_IFACE monitor sent successfully to /data/misc/wifi/sockets/wpa_ctrl_1042-2\x00
03-25 17:59:20.051 D/wpa_supplicant( 1600): wlan0: BSS: Add new id 36 BSSID 60:a4:4c:a0:e4:08 SSID 'ASUS_RT-AC66U_2.4G'
03-25 17:59:20.051 D/wpa_supplicant( 1600): CTRL-DEBUG: ctrl_sock-sendmsg: sock=11 sndbuf=212992 outq=0 send_len=41
03-25 17:59:20.051 D/wpa_supplicant( 1600): CTRL_IFACE monitor sent successfully to /data/misc/wifi/sockets/wpa_ctrl_517-2\x00
03-25 17:59:20.051 D/wpa_supplicant( 1600): CTRL-DEBUG: ctrl_sock-sendmsg: sock=11 sndbuf=212992 outq=768 send_len=41
03-25 17:59:20.052 D/wpa_supplicant( 1600): CTRL_IFACE monitor sent successfully to /data/misc/wifi/sockets/wpa_ctrl_1042-2\x00
03-25 17:59:20.052 D/wpa_supplicant( 1600): wlan0: BSS: Add new id 37 BSSID a6:a1:34:98:13:eb SSID 'Hank's iPhone'
03-25 17:59:20.052 D/wpa_supplicant( 1600): CTRL-DEBUG: ctrl_sock-sendmsg: sock=11 sndbuf=212992 outq=0 send_len=41
03-25 17:59:20.054 D/wpa_supplicant( 1600): CTRL_IFACE monitor sent successfully to /data/misc/wifi/sockets/wpa_ctrl_517-2\x00
03-25 17:59:20.054 D/wpa_supplicant( 1600): CTRL-DEBUG: ctrl_sock-sendmsg: sock=11 sndbuf=212992 outq=768 send_len=41
03-25 17:59:20.054 D/wpa_supplicant( 1600): CTRL_IFACE monitor sent successfully to /data/misc/wifi/sockets/wpa_ctrl_1042-2\x00
03-25 17:59:20.054 D/wpa_supplicant( 1600): wlan0: BSS: Remove id 20 BSSID 40:18:b1:c1:f9:54 SSID 'Wistronwlan' due to no match in scan
03-25 17:59:20.055 D/wpa_supplicant( 1600): CTRL-DEBUG: ctrl_sock-sendmsg: sock=11 sndbuf=212992 outq=0 send_len=43
03-25 17:59:20.055 D/wpa_supplicant( 1600): CTRL_IFACE monitor sent successfully to /data/misc/wifi/sockets/wpa_ctrl_517-2\x00
03-25 17:59:20.055 D/wpa_supplicant( 1600): CTRL-DEBUG: ctrl_sock-sendmsg: sock=11 sndbuf=212992 outq=768 send_len=43
03-25 17:59:20.055 D/wpa_supplicant( 1600): CTRL_IFACE monitor sent successfully to /data/misc/wifi/sockets/wpa_ctrl_1042-2\x00
03-25 17:59:20.055 D/wpa_supplicant( 1600): wlan0: BSS: Remove id 25 BSSID 40:18:b1:c1:f7:d5 SSID '' due to no match in scan
03-25 17:59:20.055 D/wpa_supplicant( 1600): CTRL-DEBUG: ctrl_sock-sendmsg: sock=11 sndbuf=212992 outq=768 send_len=43
03-25 17:59:20.055 D/wpa_supplicant( 1600): CTRL_IFACE monitor sent successfully to /data/misc/wifi/sockets/wpa_ctrl_517-2\x00
03-25 17:59:20.055 D/wpa_supplicant( 1600): CTRL-DEBUG: ctrl_sock-sendmsg: sock=11 sndbuf=212992 outq=768 send_len=43
03-25 17:59:20.055 D/wpa_supplicant( 1600): CTRL_IFACE monitor sent successfully to /data/misc/wifi/sockets/wpa_ctrl_1042-2\x00
03-25 17:59:20.055 D/wpa_supplicant( 1600): wlan0: BSS: Remove id 26 BSSID 40:18:b1:c2:1d:d5 SSID '' due to no match in scan
03-25 17:59:20.055 D/wpa_supplicant( 1600): CTRL-DEBUG: ctrl_sock-sendmsg: sock=11 sndbuf=212992 outq=768 send_len=43
03-25 17:59:20.055 D/wpa_supplicant( 1600): CTRL_IFACE monitor sent successfully to /data/misc/wifi/sockets/wpa_ctrl_517-2\x00
03-25 17:59:20.055 D/wpa_supplicant( 1600): CTRL-DEBUG: ctrl_sock-sendmsg: sock=11 sndbuf=212992 outq=768 send_len=43
03-25 17:59:20.055 D/wpa_supplicant( 1600): CTRL_IFACE monitor sent successfully to /data/misc/wifi/sockets/wpa_ctrl_1042-2\x00
03-25 17:59:20.055 D/wpa_supplicant( 1600): BSS: last_scan_res_used=32/32
03-25 17:59:20.055 D/wpa_supplicant( 1600): wlan0: Scan-only results received
03-25 17:59:20.055 D/wpa_supplicant( 1600): CTRL-DEBUG: ctrl_sock-sendmsg: sock=11 sndbuf=212992 outq=0 send_len=24
03-25 17:59:20.055 D/wpa_supplicant( 1600): CTRL_IFACE monitor sent successfully to /data/misc/wifi/sockets/wpa_ctrl_517-2\x00
03-25 17:59:20.055 D/wpa_supplicant( 1600): CTRL-DEBUG: ctrl_sock-sendmsg: sock=11 sndbuf=212992 outq=768 send_len=24
03-25 17:59:20.055 D/wpa_supplicant( 1600): CTRL_IFACE monitor sent successfully to /data/misc/wifi/sockets/wpa_ctrl_1042-2\x00
03-25 17:59:20.056 D/wpa_supplicant( 1600): wlan0: Radio work 'scan'@0x7f890a6140 done in 3.469669 seconds
03-25 17:59:20.056 D/wpa_supplicant( 1600): wlan0: Control interface command 'SCAN_RESULTS'
03-25 17:59:20.057 D/wpa_supplicant( 1600): CTRL-DEBUG: global_ctrl_sock-sendto: sock=11 sndbuf=212992 outq=0 send_len=2129
03-25 17:59:20.059 D/wpa_supplicant( 1600): wlan0: Control interface command 'SCAN_RESULTS'
03-25 17:59:20.060 D/wpa_supplicant( 1600): CTRL-DEBUG: global_ctrl_sock-sendto: sock=11 sndbuf=212992 outq=0 send_len=2129
03-25 17:59:20.067 D/wpa_supplicant( 1600): CTRL-DEBUG: global_ctrl_sock-sendto: sock=11 sndbuf=212992 outq=0 send_len=3259
03-25 17:59:20.071 D/wpa_supplicant( 1600): CTRL-DEBUG: global_ctrl_sock-sendto: sock=11 sndbuf=212992 outq=0 send_len=3351
03-25 17:59:20.077 D/wpa_supplicant( 1600): CTRL-DEBUG: global_ctrl_sock-sendto: sock=11 sndbuf=212992 outq=0 send_len=3939
03-25 17:59:20.081 D/wpa_supplicant( 1600): CTRL-DEBUG: global_ctrl_sock-sendto: sock=11 sndbuf=212992 outq=0 send_len=3367
03-25 17:59:20.084 D/wpa_supplicant( 1600): CTRL-DEBUG: global_ctrl_sock-sendto: sock=11 sndbuf=212992 outq=0 send_len=3877
03-25 17:59:20.088 D/wpa_supplicant( 1600): CTRL-DEBUG: global_ctrl_sock-sendto: sock=11 sndbuf=212992 outq=0 send_len=3389
03-25 17:59:20.091 D/wpa_supplicant( 1600): CTRL-DEBUG: global_ctrl_sock-sendto: sock=11 sndbuf=212992 outq=0 send_len=3772
03-25 17:59:20.093 D/wpa_supplicant( 1600): CTRL-DEBUG: global_ctrl_sock-sendto: sock=11 sndbuf=212992 outq=0 send_len=1087
03-25 17:59:20.107 D/wpa_supplicant( 1600): EAPOL: EAP Session-Id not available
03-25 17:59:20.107 D/wpa_supplicant( 1600): CTRL-DEBUG: global_ctrl_sock-sendto: sock=11 sndbuf=212992 outq=0 send_len=277
03-25 17:59:20.610 D/wpa_supplicant( 1600): wlan0: Control interface command 'SIGNAL_POLL'
03-25 17:59:20.617 D/wpa_supplicant( 1600): CTRL-DEBUG: global_ctrl_sock-sendto: sock=11 sndbuf=212992 outq=0 send_len=49
03-25 17:59:20.620 D/ConnectivityService( 1042): updateNetworkScore for NetworkAgentInfo [WIFI () - 100] to 60
03-25 17:59:20.894 I/MSM-irqbalance(  581): Decided to move IRQ215 from CPU1 to CPU3
03-25 17:59:23.638 D/wpa_supplicant( 1600): wlan0: Control interface command 'SIGNAL_POLL'
03-25 17:59:23.643 D/wpa_supplicant( 1600): CTRL-DEBUG: global_ctrl_sock-sendto: sock=11 sndbuf=212992 outq=0 send_len=49
03-25 17:59:25.891 I/MSM-irqbalance(  581): Decided to move IRQ304 from CPU1 to CPU3
03-25 17:59:26.662 D/wpa_supplicant( 1600): wlan0: Control interface command 'SIGNAL_POLL'
03-25 17:59:26.670 D/wpa_supplicant( 1600): CTRL-DEBUG: global_ctrl_sock-sendto: sock=11 sndbuf=212992 outq=0 send_len=49
03-25 17:59:27.530 D/ImagePlayer( 2757): [212223103][Player 0] call next content to preload.
03-25 17:59:27.534 D/ProgramControllerImpl( 2757): get content from self content list.
03-25 17:59:27.538 D/ProgramControllerImpl( 2757): Program is video:false
03-25 17:59:27.563 D/ImagePlayer( 2757): [107260315][Player 0] load image.
03-25 17:59:27.662 D/ImagePlayer( 2757): [107260315][Player 0] draw image
03-25 17:59:28.533 D/ImagePlayer( 2757): [212223103][Player 0] image play onComplete.
03-25 17:59:28.533 D/ImagePlayer( 2757): [107260315][Player 0] play image.
03-25 17:59:28.535 D/ProgramControllerImpl( 2757): send id: 2320_1, type: 3, start time: 17:59:18, end time: 17:59:28
03-25 17:59:28.636 D/ProgramControllerImpl( 2757): send id: 1471, type: 1, start time: 17:59:18, end time: 17:59:28
03-25 17:59:28.637 D/ImagePlayer( 2757): [212223103][Player 0] release resource.
03-25 17:59:29.699 D/wpa_supplicant( 1600): wlan0: Control interface command 'SIGNAL_POLL'
03-25 17:59:29.706 D/wpa_supplicant( 1600): CTRL-DEBUG: global_ctrl_sock-sendto: sock=11 sndbuf=212992 outq=0 send_len=49
03-25 17:59:30.892 I/MSM-irqbalance(  581): Decided to move IRQ216 from CPU1 to CPU3
03-25 17:59:32.728 D/wpa_supplicant( 1600): wlan0: Control interface command 'SIGNAL_POLL'
03-25 17:59:32.734 D/wpa_supplicant( 1600): CTRL-DEBUG: global_ctrl_sock-sendto: sock=11 sndbuf=212992 outq=0 send_len=49
03-25 17:59:32.737 D/ConnectivityService( 1042): updateNetworkScore for NetworkAgentInfo [WIFI () - 100] to 56
03-25 17:59:35.755 D/wpa_supplicant( 1600): wlan0: Control interface command 'SIGNAL_POLL'
03-25 17:59:35.774 D/wpa_supplicant( 1600): CTRL-DEBUG: global_ctrl_sock-sendto: sock=11 sndbuf=212992 outq=0 send_len=49
03-25 17:59:35.893 I/MSM-irqbalance(  581): Decided to move IRQ48 from CPU1 to CPU3
03-25 17:59:36.588 D/WifiStateMachine( 1042): starting scan for "D20F-1H0D-EMO"-WPA_PSK with 5745,2427
03-25 17:59:36.589 D/wpa_supplicant( 1600): wlan0: Control interface command 'SCAN TYPE=ONLY freq=5745,2427'
03-25 17:59:36.589 D/wpa_supplicant( 1600): wlan0: Setting scan request: 0.000000 sec
03-25 17:59:36.589 D/wpa_supplicant( 1600): CTRL-DEBUG: global_ctrl_sock-sendto: sock=11 sndbuf=212992 outq=0 send_len=3
03-25 17:59:36.590 D/wpa_supplicant( 1600): wlan0: Starting AP scan for wildcard SSID
03-25 17:59:36.590 D/wpa_supplicant( 1600): wlan0: Limit manual scan to specified channels
03-25 17:59:36.590 D/wpa_supplicant( 1600): wlan0: Add radio work 'scan'@0x7f890a6190
03-25 17:59:36.590 D/wpa_supplicant( 1600): wlan0: First radio work item in the queue - schedule start immediately
03-25 17:59:36.590 D/wpa_supplicant( 1600): wlan0: Starting radio work 'scan'@0x7f890a6190 after 0.000154 second wait
03-25 17:59:36.590 D/wpa_supplicant( 1600): wlan0: nl80211: scan request
03-25 17:59:36.590 D/wpa_supplicant( 1600): nl80211: Scan SSID - hexdump(len=0): [NULL]
03-25 17:59:36.590 D/wpa_supplicant( 1600): nl80211: Scan extra IEs - hexdump(len=7): 7f 05 00 00 0a 02 01
03-25 17:59:36.590 D/wpa_supplicant( 1600): nl80211: Scan frequency 2427 MHz
03-25 17:59:36.591 D/wpa_supplicant( 1600): nl80211: Scan frequency 5745 MHz
03-25 17:59:36.598 D/wpa_supplicant( 1600): Scan requested (ret=0) - scan timeout 30 seconds
03-25 17:59:36.599 D/wpa_supplicant( 1600): nl80211: Event message available
03-25 17:59:36.599 D/wpa_supplicant( 1600): nl80211: Drv Event 33 (NL80211_CMD_TRIGGER_SCAN) received for wlan0
03-25 17:59:36.599 D/wpa_supplicant( 1600): wlan0: nl80211: Scan trigger
03-25 17:59:36.599 D/wpa_supplicant( 1600): wlan0: Event SCAN_STARTED (47) received
03-25 17:59:36.599 D/wpa_supplicant( 1600): wlan0: Own scan request started a scan in 0.000491 seconds
03-25 17:59:36.599 D/wpa_supplicant( 1600): CTRL-DEBUG: ctrl_sock-sendmsg: sock=11 sndbuf=212992 outq=0 send_len=24
03-25 17:59:36.600 D/wpa_supplicant( 1600): CTRL_IFACE monitor sent successfully to /data/misc/wifi/sockets/wpa_ctrl_517-2\x00
03-25 17:59:36.600 D/wpa_supplicant( 1600): CTRL-DEBUG: ctrl_sock-sendmsg: sock=11 sndbuf=212992 outq=0 send_len=24
03-25 17:59:36.601 D/wpa_supplicant( 1600): CTRL_IFACE monitor sent successfully to /data/misc/wifi/sockets/wpa_ctrl_1042-2\x00
03-25 17:59:36.848 D/wpa_supplicant( 1600): nl80211: Event message available
03-25 17:59:36.848 D/wpa_supplicant( 1600): nl80211: Drv Event 34 (NL80211_CMD_NEW_SCAN_RESULTS) received for wlan0
03-25 17:59:36.848 D/wpa_supplicant( 1600): wlan0: nl80211: New scan results available
03-25 17:59:36.848 D/wpa_supplicant( 1600): nl80211: Scan included frequencies: 2427 5745
03-25 17:59:36.848 D/wpa_supplicant( 1600): wlan0: Event SCAN_RESULTS (3) received
03-25 17:59:36.848 D/wpa_supplicant( 1600): wlan0: Scan completed in 0.249251 seconds
03-25 17:59:36.849 D/wpa_supplicant( 1600): nl80211: Associated on 5745 MHz
03-25 17:59:36.849 D/wpa_supplicant( 1600): nl80211: Associated with b0:39:56:96:f4:40
03-25 17:59:36.850 D/wpa_supplicant( 1600): nl80211: Received scan results (32 BSSes)
03-25 17:59:36.850 D/wpa_supplicant( 1600): nl80211: Scan results indicate BSS status with b0:39:56:96:f4:40 as associated
03-25 17:59:36.851 D/wpa_supplicant( 1600): wlan0: BSS: Start scan result update 4
03-25 17:59:36.852 D/wpa_supplicant( 1600): BSS: last_scan_res_used=32/32
03-25 17:59:36.853 D/wpa_supplicant( 1600): wlan0: Scan-only results received
03-25 17:59:36.853 D/wpa_supplicant( 1600): CTRL-DEBUG: ctrl_sock-sendmsg: sock=11 sndbuf=212992 outq=0 send_len=24
03-25 17:59:36.853 D/wpa_supplicant( 1600): CTRL_IFACE monitor sent successfully to /data/misc/wifi/sockets/wpa_ctrl_517-2\x00
03-25 17:59:36.854 D/wpa_supplicant( 1600): CTRL-DEBUG: ctrl_sock-sendmsg: sock=11 sndbuf=212992 outq=0 send_len=24
03-25 17:59:36.855 D/wpa_supplicant( 1600): CTRL_IFACE monitor sent successfully to /data/misc/wifi/sockets/wpa_ctrl_1042-2\x00
03-25 17:59:36.855 D/wpa_supplicant( 1600): wlan0: Radio work 'scan'@0x7f890a6190 done in 0.265142 seconds
03-25 17:59:36.856 D/wpa_supplicant( 1600): wlan0: Control interface command 'SCAN_RESULTS'
03-25 17:59:36.858 D/wpa_supplicant( 1600): CTRL-DEBUG: global_ctrl_sock-sendto: sock=11 sndbuf=212992 outq=0 send_len=2129
03-25 17:59:36.859 D/wpa_supplicant( 1600): wlan0: Control interface command 'SCAN_RESULTS'
03-25 17:59:36.861 D/wpa_supplicant( 1600): CTRL-DEBUG: global_ctrl_sock-sendto: sock=11 sndbuf=212992 outq=0 send_len=2129
03-25 17:59:36.876 D/wpa_supplicant( 1600): CTRL-DEBUG: global_ctrl_sock-sendto: sock=11 sndbuf=212992 outq=0 send_len=3259
03-25 17:59:36.882 D/wpa_supplicant( 1600): CTRL-DEBUG: global_ctrl_sock-sendto: sock=11 sndbuf=212992 outq=0 send_len=3351
03-25 17:59:36.886 D/wpa_supplicant( 1600): CTRL-DEBUG: global_ctrl_sock-sendto: sock=11 sndbuf=212992 outq=0 send_len=3939
03-25 17:59:36.890 D/wpa_supplicant( 1600): CTRL-DEBUG: global_ctrl_sock-sendto: sock=11 sndbuf=212992 outq=0 send_len=3367
03-25 17:59:36.895 D/wpa_supplicant( 1600): CTRL-DEBUG: global_ctrl_sock-sendto: sock=11 sndbuf=212992 outq=0 send_len=3877
03-25 17:59:36.898 D/wpa_supplicant( 1600): CTRL-DEBUG: global_ctrl_sock-sendto: sock=11 sndbuf=212992 outq=0 send_len=3389
03-25 17:59:36.901 D/wpa_supplicant( 1600): CTRL-DEBUG: global_ctrl_sock-sendto: sock=11 sndbuf=212992 outq=0 send_len=3772
03-25 17:59:36.904 D/wpa_supplicant( 1600): CTRL-DEBUG: global_ctrl_sock-sendto: sock=11 sndbuf=212992 outq=0 send_len=1087
03-25 17:59:36.919 D/wpa_supplicant( 1600): EAPOL: EAP Session-Id not available
03-25 17:59:36.919 D/wpa_supplicant( 1600): CTRL-DEBUG: global_ctrl_sock-sendto: sock=11 sndbuf=212992 outq=0 send_len=277
03-25 17:59:37.541 D/ImagePlayer( 2757): [107260315][Player 0] call next content to preload.
03-25 17:59:37.543 D/ProgramControllerImpl( 2757): get content from self content list.
03-25 17:59:37.548 D/ProgramControllerImpl( 2757): Program is video:false
03-25 17:59:37.575 D/ImagePlayer( 2757): [114967671][Player 0] load image.
03-25 17:59:37.697 D/ImagePlayer( 2757): [114967671][Player 0] draw image
03-25 17:59:38.544 D/ImagePlayer( 2757): [107260315][Player 0] image play onComplete.
03-25 17:59:38.544 D/ImagePlayer( 2757): [114967671][Player 0] play image.
03-25 17:59:38.545 D/ProgramControllerImpl( 2757): send id: 2320_1, type: 3, start time: 17:59:28, end time: 17:59:38
03-25 17:59:38.646 D/ProgramControllerImpl( 2757): send id: 1471, type: 1, start time: 17:59:28, end time: 17:59:38
03-25 17:59:38.646 D/ImagePlayer( 2757): [107260315][Player 0] release resource.
03-25 17:59:38.792 D/wpa_supplicant( 1600): wlan0: Control interface command 'SIGNAL_POLL'
03-25 17:59:38.797 D/wpa_supplicant( 1600): CTRL-DEBUG: global_ctrl_sock-sendto: sock=11 sndbuf=212992 outq=0 send_len=49
03-25 17:59:41.820 D/wpa_supplicant( 1600): wlan0: Control interface command 'SIGNAL_POLL'
03-25 17:59:41.828 D/wpa_supplicant( 1600): CTRL-DEBUG: global_ctrl_sock-sendto: sock=11 sndbuf=212992 outq=0 send_len=49
03-25 17:59:44.850 D/wpa_supplicant( 1600): wlan0: Control interface command 'SIGNAL_POLL'
03-25 17:59:44.857 D/wpa_supplicant( 1600): CTRL-DEBUG: global_ctrl_sock-sendto: sock=11 sndbuf=212992 outq=0 send_len=49
03-25 17:59:45.245 I/top     ( 2996): type=1400 audit(0.0:984): avc: denied { search } for name="428" dev="proc" ino=12544 scontext=u:r:system_app:s0 tcontext=u:r:tee:s0 tclass=dir permissive=1
03-25 17:59:45.245 I/top     ( 2996): type=1400 audit(0.0:985): avc: denied { read } for name="stat" dev="proc" ino=17740 scontext=u:r:system_app:s0 tcontext=u:r:tee:s0 tclass=file permissive=1
03-25 17:59:45.245 I/top     ( 2996): type=1400 audit(0.0:986): avc: denied { open } for path="/proc/428/stat" dev="proc" ino=17740 scontext=u:r:system_app:s0 tcontext=u:r:tee:s0 tclass=file permissive=1
03-25 17:59:45.245 I/top     ( 2996): type=1400 audit(0.0:987): avc: denied { getattr } for path="/proc/428/stat" dev="proc" ino=17740 scontext=u:r:system_app:s0 tcontext=u:r:tee:s0 tclass=file permissive=1
03-25 17:59:45.245 I/top     ( 2996): type=1400 audit(0.0:988): avc: denied { read } for name="task" dev="proc" ino=31827 scontext=u:r:system_app:s0 tcontext=u:r:tee:s0 tclass=dir permissive=1
03-25 17:59:45.245 I/top     ( 2996): type=1400 audit(0.0:989): avc: denied { open } for path="/proc/428/task" dev="proc" ino=31827 scontext=u:r:system_app:s0 tcontext=u:r:tee:s0 tclass=dir permissive=1
03-25 17:59:45.245 I/top     ( 2996): type=1400 audit(0.0:990): avc: denied { read } for name="stat" dev="proc" ino=17743 scontext=u:r:system_app:s0 tcontext=u:r:per_mgr:s0 tclass=file permissive=1
03-25 17:59:45.245 I/top     ( 2996): type=1400 audit(0.0:991): avc: denied { open } for path="/proc/431/stat" dev="proc" ino=17743 scontext=u:r:system_app:s0 tcontext=u:r:per_mgr:s0 tclass=file permissive=1
03-25 17:59:45.245 I/top     ( 2996): type=1400 audit(0.0:992): avc: denied { getattr } for path="/proc/431/stat" dev="proc" ino=17743 scontext=u:r:system_app:s0 tcontext=u:r:per_mgr:s0 tclass=file permissive=1
03-25 17:59:45.245 I/top     ( 2996): type=1400 audit(0.0:993): avc: denied { search } for name="444" dev="proc" ino=11766 scontext=u:r:system_app:s0 tcontext=u:r:shell:s0 tclass=dir permissive=1
03-25 17:59:45.245 I/top     ( 2996): type=1400 audit(0.0:994): avc: denied { read } for name="stat" dev="proc" ino=17744 scontext=u:r:system_app:s0 tcontext=u:r:shell:s0 tclass=file permissive=1
03-25 17:59:45.245 I/top     ( 2996): type=1400 audit(0.0:995): avc: denied { open } for path="/proc/444/stat" dev="proc" ino=17744 scontext=u:r:system_app:s0 tcontext=u:r:shell:s0 tclass=file permissive=1
03-25 17:59:45.245 I/top     ( 2996): type=1400 audit(0.0:996): avc: denied { getattr } for path="/proc/444/stat" dev="proc" ino=17744 scontext=u:r:system_app:s0 tcontext=u:r:shell:s0 tclass=file permissive=1
03-25 17:59:45.245 I/top     ( 2996): type=1400 audit(0.0:997): avc: denied { read } for name="task" dev="proc" ino=11767 scontext=u:r:system_app:s0 tcontext=u:r:shell:s0 tclass=dir permissive=1
03-25 17:59:45.245 I/top     ( 2996): type=1400 audit(0.0:998): avc: denied { open } for path="/proc/444/task" dev="proc" ino=11767 scontext=u:r:system_app:s0 tcontext=u:r:shell:s0 tclass=dir permissive=1
03-25 17:59:45.245 I/top     ( 2996): type=1400 audit(0.0:999): avc: denied { search } for name="500" dev="proc" ino=12596 scontext=u:r:system_app:s0 tcontext=u:r:netd:s0 tclass=dir permissive=1
03-25 17:59:45.245 I/top     ( 2996): type=1400 audit(0.0:1000): avc: denied { read } for name="task" dev="proc" ino=12597 scontext=u:r:system_app:s0 tcontext=u:r:netd:s0 tclass=dir permissive=1
03-25 17:59:45.245 I/top     ( 2996): type=1400 audit(0.0:1001): avc: denied { open } for path="/proc/500/task" dev="proc" ino=12597 scontext=u:r:system_app:s0 tcontext=u:r:netd:s0 tclass=dir permissive=1
03-25 17:59:45.245 I/top     ( 2996): type=1400 audit(0.0:1002): avc: denied { search } for name="501" dev="proc" ino=5892 scontext=u:r:system_app:s0 tcontext=u:r:debuggerd:s0 tclass=dir permissive=1
03-25 17:59:45.245 I/top     ( 2996): type=1400 audit(0.0:1003): avc: denied { read } for name="stat" dev="proc" ino=17747 scontext=u:r:system_app:s0 tcontext=u:r:debuggerd:s0 tclass=file permissive=1
03-25 17:59:45.245 I/top     ( 2996): type=1400 audit(0.0:1004): avc: denied { open } for path="/proc/501/stat" dev="proc" ino=17747 scontext=u:r:system_app:s0 tcontext=u:r:debuggerd:s0 tclass=file permissive=1
03-25 17:59:45.245 I/top     ( 2996): type=1400 audit(0.0:1005): avc: denied { getattr } for path="/proc/501/stat" dev="proc" ino=17747 scontext=u:r:system_app:s0 tcontext=u:r:debuggerd:s0 tclass=file permissive=1
03-25 17:59:47.553 D/ImagePlayer( 2757): [114967671][Player 0] call next content to preload.
03-25 17:59:47.554 D/ProgramControllerImpl( 2757): get content from self content list.
03-25 17:59:47.559 D/ProgramControllerImpl( 2757): Program is video:false
03-25 17:59:47.588 D/ImagePlayer( 2757): [262451475][Player 0] load image.
03-25 17:59:47.685 D/ImagePlayer( 2757): [262451475][Player 0] draw image
03-25 17:59:47.878 D/wpa_supplicant( 1600): wlan0: Control interface command 'SIGNAL_POLL'
03-25 17:59:47.887 D/wpa_supplicant( 1600): CTRL-DEBUG: global_ctrl_sock-sendto: sock=11 sndbuf=212992 outq=0 send_len=49
03-25 17:59:48.425 I/top     ( 2996): type=1400 audit(0.0:1029): avc: denied { read } for name="stat" dev="proc" ino=17746 scontext=u:r:system_app:s0 tcontext=u:r:netd:s0 tclass=file permissive=1
03-25 17:59:48.425 I/top     ( 2996): type=1400 audit(0.0:1030): avc: denied { open } for path="/proc/500/stat" dev="proc" ino=17746 scontext=u:r:system_app:s0 tcontext=u:r:netd:s0 tclass=file permissive=1
03-25 17:59:48.425 I/top     ( 2996): type=1400 audit(0.0:1031): avc: denied { getattr } for path="/proc/500/stat" dev="proc" ino=17746 scontext=u:r:system_app:s0 tcontext=u:r:netd:s0 tclass=file permissive=1
03-25 17:59:48.474 I/System.out( 2757): User 3%, System 4%, IOW 0%, IRQ 1%
03-25 17:59:48.482 D/BluetoothUtils( 2059): callingUid =1000
03-25 17:59:48.483 E/BluetoothUtils( 2059): foregroundUser =0
03-25 17:59:48.483 E/BluetoothUtils( 2059): callingUser =0
03-25 17:59:48.484 I/A2dpStateMachine( 2059): mConnectedDevicesList size is 0
03-25 17:59:48.556 D/ImagePlayer( 2757): [114967671][Player 0] image play onComplete.
03-25 17:59:48.556 D/ImagePlayer( 2757): [262451475][Player 0] play image.
03-25 17:59:48.556 D/ProgramControllerImpl( 2757): send id: 2320_1, type: 3, start time: 17:59:38, end time: 17:59:48
03-25 17:59:48.569 D/HttpRequest( 2757): url : https://apiops.wicanvas.net/device/iot/syncMachineInfo
03-25 17:59:48.570 D/HttpRequest( 2757): value : {"mac_address":"1C:C0:E1:40:B5:98","cpu":"8%","total_memory_size":"3.53 GB","memory_in_used":"721.11 MB","total_internal_storage":"8.24 GB","internal_storage_used":"1.17 GB","total_external_storage":"[]","external_storage_used":"[]","peripheral_list":"[]","app_version":"012-T-OPS","os_version":"6.0.1","device_agent_version":"msm8994-userdebug 6.0.1 WiWall-0.0.0.10-1520 46 test-keys","temperature":"38 °C","t_con":"0","backlight":"On","ntp_server_ip":"[tock.stdtime.gov.tw, time1.google.com, 0.tw.pool.ntp.org]","ntp_reachability":"[100.0% Success, No Data, No Data]","ntp_average_rms_offset":"[18 ms, No Data, No Data]","ntp_last_sync_time":"[Mon Mar 25 17:58:48 GMT+08:00 2019, No Data, No Data]","machine_ip":"192.168.1.40","g_sensor_data":"X=-0.20362854, Y=-9.460968, Z=2.5108032","brightness":196,"volume":0,"resolution_w":1920,"resolution_h":1080,"angle":178,"bt_speaker_connect":false,"bt_speaker_name":"null"}
03-25 17:59:48.660 D/ProgramControllerImpl( 2757): send id: 1471, type: 1, start time: 17:59:38, end time: 17:59:48
03-25 17:59:48.660 D/ImagePlayer( 2757): [114967671][Player 0] release resource.
03-25 17:59:48.814 D/p       ( 2757): /device/iot/syncMachineInfo processFinish!
03-25 17:59:50.891 I/MSM-irqbalance(  581): Decided to move IRQ135 from CPU1 to CPU3
03-25 17:59:50.905 D/wpa_supplicant( 1600): wlan0: Control interface command 'SIGNAL_POLL'
03-25 17:59:50.914 D/wpa_supplicant( 1600): CTRL-DEBUG: global_ctrl_sock-sendto: sock=11 sndbuf=212992 outq=0 send_len=49
03-25 17:59:53.935 D/wpa_supplicant( 1600): wlan0: Control interface command 'SIGNAL_POLL'
03-25 17:59:53.943 D/wpa_supplicant( 1600): CTRL-DEBUG: global_ctrl_sock-sendto: sock=11 sndbuf=212992 outq=0 send_len=49
03-25 17:59:56.593 D/wpa_supplicant( 1600): wlan0: Control interface command 'SCAN TYPE=ONLY'
03-25 17:59:56.593 D/wpa_supplicant( 1600): wlan0: Setting scan request: 0.000000 sec
03-25 17:59:56.593 D/wpa_supplicant( 1600): CTRL-DEBUG: global_ctrl_sock-sendto: sock=11 sndbuf=212992 outq=0 send_len=3
03-25 17:59:56.593 D/wpa_supplicant( 1600): wlan0: Starting AP scan for wildcard SSID
03-25 17:59:56.594 D/wpa_supplicant( 1600): wlan0: Add radio work 'scan'@0x7f890a6140
03-25 17:59:56.594 D/wpa_supplicant( 1600): wlan0: First radio work item in the queue - schedule start immediately
03-25 17:59:56.594 D/wpa_supplicant( 1600): wlan0: Starting radio work 'scan'@0x7f890a6140 after 0.000148 second wait
03-25 17:59:56.594 D/wpa_supplicant( 1600): wlan0: nl80211: scan request
03-25 17:59:56.594 D/wpa_supplicant( 1600): nl80211: Scan SSID - hexdump(len=0): [NULL]
03-25 17:59:56.594 D/wpa_supplicant( 1600): nl80211: Scan extra IEs - hexdump(len=7): 7f 05 00 00 0a 02 01
03-25 17:59:56.601 D/wpa_supplicant( 1600): Scan requested (ret=0) - scan timeout 30 seconds
03-25 17:59:56.601 D/wpa_supplicant( 1600): nl80211: Event message available
03-25 17:59:56.601 D/wpa_supplicant( 1600): nl80211: Drv Event 33 (NL80211_CMD_TRIGGER_SCAN) received for wlan0
03-25 17:59:56.601 D/wpa_supplicant( 1600): wlan0: nl80211: Scan trigger
03-25 17:59:56.601 D/wpa_supplicant( 1600): wlan0: Event SCAN_STARTED (47) received
03-25 17:59:56.602 D/wpa_supplicant( 1600): wlan0: Own scan request started a scan in 0.000811 seconds
03-25 17:59:56.602 D/wpa_supplicant( 1600): CTRL-DEBUG: ctrl_sock-sendmsg: sock=11 sndbuf=212992 outq=0 send_len=24
03-25 17:59:56.602 D/wpa_supplicant( 1600): CTRL_IFACE monitor sent successfully to /data/misc/wifi/sockets/wpa_ctrl_517-2\x00
03-25 17:59:56.602 D/wpa_supplicant( 1600): CTRL-DEBUG: ctrl_sock-sendmsg: sock=11 sndbuf=212992 outq=768 send_len=24
03-25 17:59:56.605 D/wpa_supplicant( 1600): CTRL_IFACE monitor sent successfully to /data/misc/wifi/sockets/wpa_ctrl_1042-2\x00
03-25 17:59:56.965 D/wpa_supplicant( 1600): wlan0: Control interface command 'SIGNAL_POLL'
03-25 17:59:56.971 D/wpa_supplicant( 1600): CTRL-DEBUG: global_ctrl_sock-sendto: sock=11 sndbuf=212992 outq=0 send_len=49
03-25 17:59:56.974 D/ConnectivityService( 1042): notifyType CAP_CHANGED for NetworkAgentInfo [WIFI () - 100]
03-25 17:59:57.560 D/ImagePlayer( 2757): [262451475][Player 0] call next content to preload.
03-25 17:59:57.563 D/ProgramControllerImpl( 2757): get content from self content list.
03-25 17:59:57.568 D/ProgramControllerImpl( 2757): Program is video:false
03-25 17:59:57.602 D/ImagePlayer( 2757): [77548399][Player 0] load image.
03-25 17:59:57.724 D/ImagePlayer( 2757): [77548399][Player 0] draw image
03-25 17:59:58.563 D/ImagePlayer( 2757): [262451475][Player 0] image play onComplete.
03-25 17:59:58.564 D/ImagePlayer( 2757): [77548399][Player 0] play image.
03-25 17:59:58.565 D/ProgramControllerImpl( 2757): send id: 2320_1, type: 3, start time: 17:59:48, end time: 17:59:58
03-25 17:59:58.667 D/ProgramControllerImpl( 2757): send id: 1471, type: 1, start time: 17:59:48, end time: 17:59:58
03-25 17:59:58.667 D/ImagePlayer( 2757): [262451475][Player 0] release resource.
03-25 17:59:59.992 D/wpa_supplicant( 1600): wlan0: Control interface command 'SIGNAL_POLL'
03-25 18:00:00.000 D/wpa_supplicant( 1600): CTRL-DEBUG: global_ctrl_sock-sendto: sock=11 sndbuf=212992 outq=0 send_len=49
03-25 18:00:00.003 D/ConnectivityService( 1042): notifyType CAP_CHANGED for NetworkAgentInfo [WIFI () - 100]
03-25 18:00:00.022 D/wpa_supplicant( 1600): nl80211: Event message available
03-25 18:00:00.022 D/wpa_supplicant( 1600): nl80211: Drv Event 34 (NL80211_CMD_NEW_SCAN_RESULTS) received for wlan0
03-25 18:00:00.022 D/wpa_supplicant( 1600): wlan0: nl80211: New scan results available
03-25 18:00:00.022 D/wpa_supplicant( 1600): nl80211: Scan included frequencies: 2412 2417 2422 2427 2432 2437 2442 2447 2452 2457 2462 5280 5300 5320 5500 5520 5540 5560 5580 5660 5680 5700 5720 5745 5765 5785 5805 5825
03-25 18:00:00.022 D/wpa_supplicant( 1600): wlan0: Event SCAN_RESULTS (3) received
03-25 18:00:00.022 D/wpa_supplicant( 1600): wlan0: Scan completed in 3.420691 seconds
03-25 18:00:00.023 D/wpa_supplicant( 1600): nl80211: Associated on 5745 MHz
03-25 18:00:00.023 D/wpa_supplicant( 1600): nl80211: Associated with b0:39:56:96:f4:40
03-25 18:00:00.023 D/wpa_supplicant( 1600): nl80211: Received scan results (31 BSSes)
03-25 18:00:00.023 D/wpa_supplicant( 1600): nl80211: Scan results indicate BSS status with b0:39:56:96:f4:40 as associated
03-25 18:00:00.023 D/wpa_supplicant( 1600): wlan0: BSS: Start scan result update 5
03-25 18:00:00.024 D/wpa_supplicant( 1600): wlan0: BSS: Add new id 38 BSSID 40:18:b1:c2:1d:d5 SSID ''
03-25 18:00:00.024 D/wpa_supplicant( 1600): CTRL-DEBUG: ctrl_sock-sendmsg: sock=11 sndbuf=212992 outq=0 send_len=41
03-25 18:00:00.024 D/wpa_supplicant( 1600): CTRL_IFACE monitor sent successfully to /data/misc/wifi/sockets/wpa_ctrl_517-2\x00
03-25 18:00:00.024 D/wpa_supplicant( 1600): CTRL-DEBUG: ctrl_sock-sendmsg: sock=11 sndbuf=212992 outq=768 send_len=41
03-25 18:00:00.024 D/wpa_supplicant( 1600): CTRL_IFACE monitor sent successfully to /data/misc/wifi/sockets/wpa_ctrl_1042-2\x00
03-25 18:00:00.024 D/wpa_supplicant( 1600): wlan0: BSS: Remove id 27 BSSID 40:18:b1:c2:02:2a SSID '' due to no match in scan
03-25 18:00:00.024 D/wpa_supplicant( 1600): CTRL-DEBUG: ctrl_sock-sendmsg: sock=11 sndbuf=212992 outq=768 send_len=43
03-25 18:00:00.024 D/wpa_supplicant( 1600): CTRL_IFACE monitor sent successfully to /data/misc/wifi/sockets/wpa_ctrl_517-2\x00
03-25 18:00:00.024 D/wpa_supplicant( 1600): CTRL-DEBUG: ctrl_sock-sendmsg: sock=11 sndbuf=212992 outq=1536 send_len=43
03-25 18:00:00.024 D/wpa_supplicant( 1600): CTRL_IFACE monitor sent successfully to /data/misc/wifi/sockets/wpa_ctrl_1042-2\x00
03-25 18:00:00.024 D/wpa_supplicant( 1600): BSS: last_scan_res_used=31/32
03-25 18:00:00.024 D/wpa_supplicant( 1600): wlan0: Scan-only results received
03-25 18:00:00.024 D/wpa_supplicant( 1600): CTRL-DEBUG: ctrl_sock-sendmsg: sock=11 sndbuf=212992 outq=1536 send_len=24
03-25 18:00:00.024 D/wpa_supplicant( 1600): CTRL_IFACE monitor sent successfully to /data/misc/wifi/sockets/wpa_ctrl_517-2\x00
03-25 18:00:00.024 D/wpa_supplicant( 1600): CTRL-DEBUG: ctrl_sock-sendmsg: sock=11 sndbuf=212992 outq=768 send_len=24
03-25 18:00:00.024 D/wpa_supplicant( 1600): CTRL_IFACE monitor sent successfully to /data/misc/wifi/sockets/wpa_ctrl_1042-2\x00
03-25 18:00:00.025 D/wpa_supplicant( 1600): wlan0: Radio work 'scan'@0x7f890a6140 done in 3.430720 seconds
03-25 18:00:00.025 D/wpa_supplicant( 1600): wlan0: Control interface command 'SCAN_RESULTS'
03-25 18:00:00.026 D/wpa_supplicant( 1600): CTRL-DEBUG: global_ctrl_sock-sendto: sock=11 sndbuf=212992 outq=0 send_len=2129
03-25 18:00:00.026 D/wpa_supplicant( 1600): wlan0: Control interface command 'SCAN_RESULTS'
03-25 18:00:00.027 D/wpa_supplicant( 1600): CTRL-DEBUG: global_ctrl_sock-sendto: sock=11 sndbuf=212992 outq=0 send_len=2129
03-25 18:00:00.035 D/wpa_supplicant( 1600): CTRL-DEBUG: global_ctrl_sock-sendto: sock=11 sndbuf=212992 outq=0 send_len=3259
03-25 18:00:00.039 D/wpa_supplicant( 1600): CTRL-DEBUG: global_ctrl_sock-sendto: sock=11 sndbuf=212992 outq=0 send_len=3351
03-25 18:00:00.042 D/wpa_supplicant( 1600): CTRL-DEBUG: global_ctrl_sock-sendto: sock=11 sndbuf=212992 outq=0 send_len=3939
03-25 18:00:00.045 D/wpa_supplicant( 1600): CTRL-DEBUG: global_ctrl_sock-sendto: sock=11 sndbuf=212992 outq=0 send_len=3367
03-25 18:00:00.051 D/wpa_supplicant( 1600): CTRL-DEBUG: global_ctrl_sock-sendto: sock=11 sndbuf=212992 outq=0 send_len=3877
03-25 18:00:00.054 D/wpa_supplicant( 1600): CTRL-DEBUG: global_ctrl_sock-sendto: sock=11 sndbuf=212992 outq=0 send_len=3514
03-25 18:00:00.056 D/wpa_supplicant( 1600): CTRL-DEBUG: global_ctrl_sock-sendto: sock=11 sndbuf=212992 outq=0 send_len=4086
03-25 18:00:00.058 D/wpa_supplicant( 1600): CTRL-DEBUG: global_ctrl_sock-sendto: sock=11 sndbuf=212992 outq=0 send_len=568
03-25 18:00:00.068 D/wpa_supplicant( 1600): EAPOL: EAP Session-Id not available
03-25 18:00:00.068 D/wpa_supplicant( 1600): CTRL-DEBUG: global_ctrl_sock-sendto: sock=11 sndbuf=212992 outq=0 send_len=277
03-25 18:00:00.891 I/MSM-irqbalance(  581): Decided to move IRQ65 from CPU3 to CPU0
03-25 18:00:03.027 D/wpa_supplicant( 1600): wlan0: Control interface command 'SIGNAL_POLL'
03-25 18:00:03.034 D/wpa_supplicant( 1600): CTRL-DEBUG: global_ctrl_sock-sendto: sock=11 sndbuf=212992 outq=0 send_len=49
03-25 18:00:05.895 I/MSM-irqbalance(  581): Decided to move IRQ253 from CPU3 to CPU0
03-25 18:00:06.056 D/wpa_supplicant( 1600): wlan0: Control interface command 'SIGNAL_POLL'
03-25 18:00:06.063 D/wpa_supplicant( 1600): CTRL-DEBUG: global_ctrl_sock-sendto: sock=11 sndbuf=212992 outq=0 send_len=49
03-25 18:00:07.572 D/ImagePlayer( 2757): [77548399][Player 0] call next content to preload.
03-25 18:00:07.573 D/ProgramControllerImpl( 2757): get content from self content list.
03-25 18:00:07.578 D/ProgramControllerImpl( 2757): Program is video:false
03-25 18:00:07.599 D/ImagePlayer( 2757): [33501067][Player 0] load image.
03-25 18:00:07.710 D/ImagePlayer( 2757): [33501067][Player 0] draw image
03-25 18:00:08.574 D/ImagePlayer( 2757): [77548399][Player 0] image play onComplete.
03-25 18:00:08.574 D/ImagePlayer( 2757): [33501067][Player 0] play image.
03-25 18:00:08.575 D/ProgramControllerImpl( 2757): send id: 2320_1, type: 3, start time: 17:59:58, end time: 18:00:08
03-25 18:00:08.678 D/ProgramControllerImpl( 2757): send id: 1471, type: 1, start time: 17:59:58, end time: 18:00:08
03-25 18:00:08.678 D/ImagePlayer( 2757): [77548399][Player 0] release resource.
03-25 18:00:09.085 D/wpa_supplicant( 1600): wlan0: Control interface command 'SIGNAL_POLL'
03-25 18:00:09.094 D/wpa_supplicant( 1600): CTRL-DEBUG: global_ctrl_sock-sendto: sock=11 sndbuf=212992 outq=0 send_len=49
03-25 18:00:10.890 I/MSM-irqbalance(  581): Decided to move IRQ48 from CPU3 to CPU0
03-25 18:00:12.112 D/wpa_supplicant( 1600): wlan0: Control interface command 'SIGNAL_POLL'
03-25 18:00:12.125 D/wpa_supplicant( 1600): CTRL-DEBUG: global_ctrl_sock-sendto: sock=11 sndbuf=212992 outq=0 send_len=49
03-25 18:00:15.148 D/wpa_supplicant( 1600): wlan0: Control interface command 'SIGNAL_POLL'
03-25 18:00:15.154 D/wpa_supplicant( 1600): CTRL-DEBUG: global_ctrl_sock-sendto: sock=11 sndbuf=212992 outq=0 send_len=49
03-25 18:00:15.892 I/MSM-irqbalance(  581): Decided to move IRQ304 from CPU3 to CPU0
03-25 18:00:16.596 D/WifiStateMachine( 1042): starting scan for "D20F-1H0D-EMO"-WPA_PSK with 5745,2427
03-25 18:00:16.598 D/wpa_supplicant( 1600): wlan0: Control interface command 'SCAN TYPE=ONLY freq=5745,2427'
03-25 18:00:16.599 D/wpa_supplicant( 1600): wlan0: Setting scan request: 0.000000 sec
03-25 18:00:16.599 D/wpa_supplicant( 1600): CTRL-DEBUG: global_ctrl_sock-sendto: sock=11 sndbuf=212992 outq=0 send_len=3
03-25 18:00:16.599 D/wpa_supplicant( 1600): wlan0: Starting AP scan for wildcard SSID
03-25 18:00:16.599 D/wpa_supplicant( 1600): wlan0: Limit manual scan to specified channels
03-25 18:00:16.599 D/wpa_supplicant( 1600): wlan0: Add radio work 'scan'@0x7f890a6190
03-25 18:00:16.599 D/wpa_supplicant( 1600): wlan0: First radio work item in the queue - schedule start immediately
03-25 18:00:16.600 D/wpa_supplicant( 1600): wlan0: Starting radio work 'scan'@0x7f890a6190 after 0.000161 second wait
